ARM Linker, RVCT4.0 [Build 524] for uVision [Standard]

==============================================================================

Section Cross References

    stm32f10x_vector.o(RESET) refers to stm32f10x_vector.o(STACK) for __initial_sp
    stm32f10x_vector.o(RESET) refers to stm32f10x_vector.o(.text) for Reset_Handler
    stm32f10x_vector.o(RESET) refers to stm32f10x_it.o(i.NMIException) for NMIException
    stm32f10x_vector.o(RESET) refers to stm32f10x_it.o(i.HardFaultException) for HardFaultException
    stm32f10x_vector.o(RESET) refers to stm32f10x_it.o(i.MemManageException) for MemManageException
    stm32f10x_vector.o(RESET) refers to stm32f10x_it.o(i.BusFaultException) for BusFaultException
    stm32f10x_vector.o(RESET) refers to stm32f10x_it.o(i.UsageFaultException) for UsageFaultException
    stm32f10x_vector.o(RESET) refers to stm32f10x_it.o(i.SVCHandler) for SVCHandler
    stm32f10x_vector.o(RESET) refers to stm32f10x_it.o(i.DebugMonitor) for DebugMonitor
    stm32f10x_vector.o(RESET) refers to stm32f10x_it.o(i.PendSVC) for PendSVC
    stm32f10x_vector.o(RESET) refers to stm32f10x_it.o(i.SysTickHandler) for SysTickHandler
    stm32f10x_vector.o(RESET) refers to stm32f10x_it.o(i.WWDG_IRQHandler) for WWDG_IRQHandler
    stm32f10x_vector.o(RESET) refers to stm32f10x_it.o(i.PVD_IRQHandler) for PVD_IRQHandler
    stm32f10x_vector.o(RESET) refers to stm32f10x_it.o(i.TAMPER_IRQHandler) for TAMPER_IRQHandler
    stm32f10x_vector.o(RESET) refers to stm32f10x_it.o(i.RTC_IRQHandler) for RTC_IRQHandler
    stm32f10x_vector.o(RESET) refers to stm32f10x_it.o(i.FLASH_IRQHandler) for FLASH_IRQHandler
    stm32f10x_vector.o(RESET) refers to stm32f10x_it.o(i.RCC_IRQHandler) for RCC_IRQHandler
    stm32f10x_vector.o(RESET) refers to stm32f10x_it.o(i.EXTI0_IRQHandler) for EXTI0_IRQHandler
    stm32f10x_vector.o(RESET) refers to stm32f10x_it.o(i.EXTI1_IRQHandler) for EXTI1_IRQHandler
    stm32f10x_vector.o(RESET) refers to stm32f10x_it.o(i.EXTI2_IRQHandler) for EXTI2_IRQHandler
    stm32f10x_vector.o(RESET) refers to stm32f10x_it.o(i.EXTI3_IRQHandler) for EXTI3_IRQHandler
    stm32f10x_vector.o(RESET) refers to stm32f10x_it.o(i.EXTI4_IRQHandler) for EXTI4_IRQHandler
    stm32f10x_vector.o(RESET) refers to stm32f10x_it.o(i.DMA1_Channel1_IRQHandler) for DMA1_Channel1_IRQHandler
    stm32f10x_vector.o(RESET) refers to stm32f10x_it.o(i.DMA1_Channel2_IRQHandler) for DMA1_Channel2_IRQHandler
    stm32f10x_vector.o(RESET) refers to stm32f10x_it.o(i.DMA1_Channel3_IRQHandler) for DMA1_Channel3_IRQHandler
    stm32f10x_vector.o(RESET) refers to stm32f10x_it.o(i.DMA1_Channel4_IRQHandler) for DMA1_Channel4_IRQHandler
    stm32f10x_vector.o(RESET) refers to stm32f10x_it.o(i.DMA1_Channel5_IRQHandler) for DMA1_Channel5_IRQHandler
    stm32f10x_vector.o(RESET) refers to stm32f10x_it.o(i.DMA1_Channel6_IRQHandler) for DMA1_Channel6_IRQHandler
    stm32f10x_vector.o(RESET) refers to stm32f10x_it.o(i.DMA1_Channel7_IRQHandler) for DMA1_Channel7_IRQHandler
    stm32f10x_vector.o(RESET) refers to stm32f10x_it.o(i.ADC1_2_IRQHandler) for ADC1_2_IRQHandler
    stm32f10x_vector.o(RESET) refers to stm32f10x_it.o(i.USB_HP_CAN_TX_IRQHandler) for USB_HP_CAN_TX_IRQHandler
    stm32f10x_vector.o(RESET) refers to stm32f10x_it.o(i.USB_LP_CAN_RX0_IRQHandler) for USB_LP_CAN_RX0_IRQHandler
    stm32f10x_vector.o(RESET) refers to stm32f10x_it.o(i.CAN_RX1_IRQHandler) for CAN_RX1_IRQHandler
    stm32f10x_vector.o(RESET) refers to stm32f10x_it.o(i.CAN_SCE_IRQHandler) for CAN_SCE_IRQHandler
    stm32f10x_vector.o(RESET) refers to stm32f10x_it.o(i.EXTI9_5_IRQHandler) for EXTI9_5_IRQHandler
    stm32f10x_vector.o(RESET) refers to stm32f10x_it.o(i.TIM1_BRK_IRQHandler) for TIM1_BRK_IRQHandler
    stm32f10x_vector.o(RESET) refers to stm32f10x_it.o(i.TIM1_UP_IRQHandler) for TIM1_UP_IRQHandler
    stm32f10x_vector.o(RESET) refers to stm32f10x_it.o(i.TIM1_TRG_COM_IRQHandler) for TIM1_TRG_COM_IRQHandler
    stm32f10x_vector.o(RESET) refers to stm32f10x_it.o(i.TIM1_CC_IRQHandler) for TIM1_CC_IRQHandler
    stm32f10x_vector.o(RESET) refers to stm32f10x_it.o(i.TIM2_IRQHandler) for TIM2_IRQHandler
    stm32f10x_vector.o(RESET) refers to stm32f10x_it.o(i.TIM3_IRQHandler) for TIM3_IRQHandler
    stm32f10x_vector.o(RESET) refers to stm32f10x_it.o(i.TIM4_IRQHandler) for TIM4_IRQHandler
    stm32f10x_vector.o(RESET) refers to stm32f10x_it.o(i.I2C1_EV_IRQHandler) for I2C1_EV_IRQHandler
    stm32f10x_vector.o(RESET) refers to stm32f10x_it.o(i.I2C1_ER_IRQHandler) for I2C1_ER_IRQHandler
    stm32f10x_vector.o(RESET) refers to stm32f10x_it.o(i.I2C2_EV_IRQHandler) for I2C2_EV_IRQHandler
    stm32f10x_vector.o(RESET) refers to stm32f10x_it.o(i.I2C2_ER_IRQHandler) for I2C2_ER_IRQHandler
    stm32f10x_vector.o(RESET) refers to stm32f10x_it.o(i.SPI1_IRQHandler) for SPI1_IRQHandler
    stm32f10x_vector.o(RESET) refers to stm32f10x_it.o(i.SPI2_IRQHandler) for SPI2_IRQHandler
[...]
    i.FSMC_NAND_AddressIncrement             0x080020fc   Section       54  fsmc_nand.o(i.FSMC_NAND_AddressIncrement)
    i.FSMC_NAND_EraseBlock                   0x08002134   Section       48  fsmc_nand.o(i.FSMC_NAND_EraseBlock)
    i.FSMC_NAND_GetStatus                    0x08002164   Section       38  fsmc_nand.o(i.FSMC_NAND_GetStatus)
    i.FSMC_NAND_Init                         0x0800218c   Section      168  fsmc_nand.o(i.FSMC_NAND_Init)
    i.FSMC_NAND_ReadSmallPage                0x08002234   Section      132  fsmc_nand.o(i.FSMC_NAND_ReadSmallPage)
    i.FSMC_NAND_ReadSpareArea                0x080022b8   Section      132  fsmc_nand.o(i.FSMC_NAND_ReadSpareArea)
    i.FSMC_NAND_ReadStatus                   0x0800233c   Section       32  fsmc_nand.o(i.FSMC_NAND_ReadStatus)
    i.FSMC_NAND_WriteSmallPage               0x0800235c   Section      156  fsmc_nand.o(i.FSMC_NAND_WriteSmallPage)
    i.FSMC_NORSRAMCmd                        0x080023f8   Section       32  stm32f10x_fsmc.o(i.FSMC_NORSRAMCmd)
    i.FSMC_NORSRAMInit                       0x08002418   Section      188  stm32f10x_fsmc.o(i.FSMC_NORSRAMInit)
    i.FSMC_NOR_Init                          0x080024d4   Section      244  fsmc_nor.o(i.FSMC_NOR_Init)
    i.FSMC_NOR_ReadID                        0x080025c8   Section       40  fsmc_nor.o(i.FSMC_NOR_ReadID)
    i.FSMC_NOR_ReturnToReadMode              0x080025f0   Section       12  fsmc_nor.o(i.FSMC_NOR_ReturnToReadMode)
    i.FSMC_SRAM_Init                         0x080025fc   Section      240  fsmc_sram.o(i.FSMC_SRAM_Init)
    i.FSMC_SRAM_WriteBuffer                  0x080026ec   Section       24  fsmc_sram.o(i.FSMC_SRAM_WriteBuffer)
    i.FindSCR                                0x08002704   Section      328  sdcard.o(i.FindSCR)
    FindSCR                                  0x08002705   Thumb Code   312  sdcard.o(i.FindSCR)
    i.GPIO_Config                            0x0800284c   Section      184  main.o(i.GPIO_Config)
    i.GPIO_EXTILineConfig                    0x08002904   Section       40  stm32f10x_gpio.o(i.GPIO_EXTILineConfig)
    i.GPIO_Init                              0x0800292c   Section      158  stm32f10x_gpio.o(i.GPIO_Init)
    i.GPIO_ReadInputDataBit                  0x080029ca   Section       14  stm32f10x_gpio.o(i.GPIO_ReadInputDataBit)
    i.GPIO_ResetBits                         0x080029d8   Section        4  stm32f10x_gpio.o(i.GPIO_ResetBits)
    i.GPIO_SetBits                           0x080029dc   Section        4  stm32f10x_gpio.o(i.GPIO_SetBits)
    i.HardFaultException                     0x080029e0   Section        2  stm32f10x_it.o(i.HardFaultException)
    i.I2C1_ER_IRQHandler                     0x080029e2   Section        2  stm32f10x_it.o(i.I2C1_ER_IRQHandler)
    i.I2C1_EV_IRQHandler                     0x080029e4   Section        2  stm32f10x_it.o(i.I2C1_EV_IRQHandler)
    i.I2C2_ER_IRQHandler                     0x080029e6   Section        2  stm32f10x_it.o(i.I2C2_ER_IRQHandler)
    i.I2C2_EV_IRQHandler                     0x080029e8   Section        2  stm32f10x_it.o(i.I2C2_EV_IRQHandler)
    i.IdleFunc                               0x080029ea   Section        2  menu.o(i.IdleFunc)
    i.IntExtOnOffConfig                      0x080029ec   Section       58  main.o(i.IntExtOnOffConfig)
    i.InternalFlashCheckBitmapFiles          0x08002a28   Section      120  menu.o(i.InternalFlashCheckBitmapFiles)
    InternalFlashCheckBitmapFiles            0x08002a29   Thumb Code   108  menu.o(i.InternalFlashCheckBitmapFiles)
    i.InternalFlashToLCD                     0x08002aa0   Section      784  menu.o(i.InternalFlashToLCD)
    i.InternalFlashToLCD_DMA                 0x08002db0   Section      784  menu.o(i.InternalFlashToLCD_DMA)
    i.InternalFlashToLCD_Speed               0x080030c0   Section      752  menu.o(i.InternalFlashToLCD_Speed)
    i.InterruptConfig                        0x080033b0   Section      168  main.o(i.InterruptConfig)
    i.IsCardProgramming                      0x08003458   Section      280  sdcard.o(i.IsCardProgramming)
    IsCardProgramming                        0x08003459   Thumb Code   264  sdcard.o(i.IsCardProgramming)
    i.LCD_Clear                              0x08003570   Section       38  lcd.o(i.LCD_Clear)
    i.LCD_ClearLine                          0x08003598   Section       32  lcd.o(i.LCD_ClearLine)
    i.LCD_CtrlLinesConfig                    0x080035b8   Section      112  lcd.o(i.LCD_CtrlLinesConfig)
    i.LCD_DisplayChar                        0x08003628   Section       24  lcd.o(i.LCD_DisplayChar)
    i.LCD_DisplayStringLine                  0x08003640   Section       60  lcd.o(i.LCD_DisplayStringLine)
    i.LCD_DrawChar                           0x0800367c   Section       92  lcd.o(i.LCD_DrawChar)
    i.LCD_DrawLine                           0x080036d8   Section       92  lcd.o(i.LCD_DrawLine)
    i.LCD_DrawRect                           0x08003734   Section       64  lcd.o(i.LCD_DrawRect)
    i.LCD_FSMCConfig                         0x08003774   Section       84  lcd.o(i.LCD_FSMCConfig)
    i.LCD_NANDDisplay                        0x080037c8   Section      132  menu.o(i.LCD_NANDDisplay)
    LCD_NANDDisplay                          0x080037c9   Thumb Code   124  menu.o(i.LCD_NANDDisplay)
    i.LCD_NORDisplay                         0x0800384c   Section       40  menu.o(i.LCD_NORDisplay)
    i.LCD_SDDisplay                          0x08003874   Section      128  menu.o(i.LCD_SDDisplay)
    LCD_SDDisplay                            0x08003875   Thumb Code   120  menu.o(i.LCD_SDDisplay)
    i.LCD_SetBackColor                       0x080038f4   Section       12  lcd.o(i.LCD_SetBackColor)
    i.LCD_SetCursor                          0x08003900   Section       18  lcd.o(i.LCD_SetCursor)
    i.LCD_SetDisplayWindow                   0x08003912   Section       66  lcd.o(i.LCD_SetDisplayWindow)
    i.LCD_SetTextColor                       0x08003954   Section       12  lcd.o(i.LCD_SetTextColor)
    i.LCD_WindowModeDisable                  0x08003960   Section       32  lcd.o(i.LCD_WindowModeDisable)
    i.LCD_WriteBMP                           0x08003980   Section       70  lcd.o(i.LCD_WriteBMP)
    i.LCD_WriteDMA                           0x080039c8   Section      144  menu.o(i.LCD_WriteDMA)
    LCD_WriteDMA                             0x080039c9   Thumb Code   122  menu.o(i.LCD_WriteDMA)
    i.LCD_WriteRAM                           0x08003a58   Section        8  lcd.o(i.LCD_WriteRAM)
    i.LCD_WriteRAM_Prepare                   0x08003a60   Section       10  lcd.o(i.LCD_WriteRAM_Prepare)
    i.LCD_WriteReg                           0x08003a6a   Section       10  lcd.o(i.LCD_WriteReg)
    i.LCD_WriteSD                            0x08003a74   Section       60  menu.o(i.LCD_WriteSD)
    LCD_WriteSD                              0x08003a75   Thumb Code    56  menu.o(i.LCD_WriteSD)
    i.Media_BufferRead                       0x08003ab0   Section       26  menu.o(i.Media_BufferRead)
    Media_BufferRead                         0x08003ab1   Thumb Code    26  menu.o(i.Media_BufferRead)
    i.MemManageException                     0x08003aca   Section        2  stm32f10x_it.o(i.MemManageException)
    i.Menu_Init                              0x08003acc   Section       36  menu.o(i.Menu_Init)
    i.NANDFlashToLCD                         0x08003af0   Section      568  menu.o(i.NANDFlashToLCD)
    i.NANDFlashToLCD_Speed                   0x08003d28   Section      528  menu.o(i.NANDFlashToLCD_Speed)
    i.NAND_ConvertPhyAddress                 0x08003f38   Section       64  menu.o(i.NAND_ConvertPhyAddress)
    NAND_ConvertPhyAddress                   0x08003f39   Thumb Code    64  menu.o(i.NAND_ConvertPhyAddress)
    i.NAND_GetAddress                        0x08003f78   Section       64  menu.o(i.NAND_GetAddress)
    NAND_GetAddress                          0x08003f79   Thumb Code    64  menu.o(i.NAND_GetAddress)
    i.NAND_PhysicalErase                     0x08003fb8   Section      252  menu.o(i.NAND_PhysicalErase)
    i.NAND_Read                              0x080040b4   Section       80  menu.o(i.NAND_Read)
    NAND_Read                                0x080040b5   Thumb Code    76  menu.o(i.NAND_Read)
    i.NAND_Write                             0x08004104   Section      100  menu.o(i.NAND_Write)
    NAND_Write                               0x08004105   Thumb Code    94  menu.o(i.NAND_Write)
    i.NMIException                           0x08004168   Section        2  stm32f10x_it.o(i.NMIException)
    i.NORFlashToLCD                          0x0800416c   Section      596  menu.o(i.NORFlashToLCD)
    i.NORFlashToLCD_DMA                      0x080043c0   Section      596  menu.o(i.NORFlashToLCD_DMA)
    i.NORFlashToLCD_Speed                    0x08004614   Section      580  menu.o(i.NORFlashToLCD_Speed)
    i.NVIC_DeInit                            0x08004858   Section       44  stm32f10x_nvic.o(i.NVIC_DeInit)
    i.NVIC_Init                              0x08004884   Section      116  stm32f10x_nvic.o(i.NVIC_Init)
    i.NVIC_PriorityGroupConfig               0x080048f8   Section       20  stm32f10x_nvic.o(i.NVIC_PriorityGroupConfig)
    i.NVIC_SetVectorTable                    0x0800490c   Section       20  stm32f10x_nvic.o(i.NVIC_SetVectorTable)
    i.NVIC_SystemHandlerPriorityConfig       0x08004920   Section       76  stm32f10x_nvic.o(i.NVIC_SystemHandlerPriorityConfig)
    i.PVD_IRQHandler                         0x0800496c   Section        2  stm32f10x_it.o(i.PVD_IRQHandler)
    i.PendSVC                                0x0800496e   Section        2  stm32f10x_it.o(i.PendSVC)
    i.RCC_AHBPeriphClockCmd                  0x08004970   Section       24  stm32f10x_rcc.o(i.RCC_AHBPeriphClockCmd)
    i.RCC_APB2PeriphClockCmd                 0x08004988   Section       24  stm32f10x_rcc.o(i.RCC_APB2PeriphClockCmd)
    i.RCC_DeInit                             0x080049a0   Section       60  stm32f10x_rcc.o(i.RCC_DeInit)
    i.RCC_GetClocksFreq                      0x080049dc   Section      148  stm32f10x_rcc.o(i.RCC_GetClocksFreq)
    i.RCC_GetFlagStatus                      0x08004a70   Section       48  stm32f10x_rcc.o(i.RCC_GetFlagStatus)
    i.RCC_GetSYSCLKSource                    0x08004aa0   Section       16  stm32f10x_rcc.o(i.RCC_GetSYSCLKSource)
    i.RCC_HCLKConfig                         0x08004ab0   Section       20  stm32f10x_rcc.o(i.RCC_HCLKConfig)
    i.RCC_HSEConfig                          0x08004ac4   Section       52  stm32f10x_rcc.o(i.RCC_HSEConfig)
    i.RCC_IRQHandler                         0x08004af8   Section        2  stm32f10x_it.o(i.RCC_IRQHandler)
    i.RCC_PCLK1Config                        0x08004afc   Section       20  stm32f10x_rcc.o(i.RCC_PCLK1Config)
    i.RCC_PCLK2Config                        0x08004b10   Section       20  stm32f10x_rcc.o(i.RCC_PCLK2Config)
    i.RCC_PLLCmd                             0x08004b24   Section       12  stm32f10x_rcc.o(i.RCC_PLLCmd)
    i.RCC_PLLConfig                          0x08004b30   Section       20  stm32f10x_rcc.o(i.RCC_PLLConfig)
    i.RCC_SYSCLKConfig                       0x08004b44   Section       20  stm32f10x_rcc.o(i.RCC_SYSCLKConfig)
    i.RCC_WaitForHSEStartUp                  0x08004b58   Section       36  stm32f10x_rcc.o(i.RCC_WaitForHSEStartUp)
    i.RTCAlarm_IRQHandler                    0x08004b7c   Section        2  stm32f10x_it.o(i.RTCAlarm_IRQHandler)
    i.RTC_IRQHandler                         0x08004b7e   Section        2  stm32f10x_it.o(i.RTC_IRQHandler)
    i.ReadKey                                0x08004b80   Section      192  menu.o(i.ReadKey)
    i.ReadSpareArea                          0x08004c40   Section       46  menu.o(i.ReadSpareArea)
    ReadSpareArea                            0x08004c41   Thumb Code    46  menu.o(i.ReadSpareArea)
    i.ReturnFunc                             0x08004c70   Section       80  menu.o(i.ReturnFunc)
    i.SDCardToLCD                            0x08004cc0   Section      640  menu.o(i.SDCardToLCD)
    i.SDCardToLCD_Speed                      0x08004f40   Section      604  menu.o(i.SDCardToLCD_Speed)
    i.SDEnWideBus                            0x0800519c   Section      184  sdcard.o(i.SDEnWideBus)
    SDEnWideBus                              0x0800519d   Thumb Code   174  sdcard.o(i.SDEnWideBus)
    i.SDIO_ClearFlag                         0x08005254   Section       12  stm32f10x_sdio.o(i.SDIO_ClearFlag)
    i.SDIO_ClearITPendingBit                 0x08005260   Section       12  stm32f10x_sdio.o(i.SDIO_ClearITPendingBit)
    i.SDIO_ClockCmd                          0x0800526c   Section       12  stm32f10x_sdio.o(i.SDIO_ClockCmd)
    i.SDIO_DMACmd                            0x08005278   Section       12  stm32f10x_sdio.o(i.SDIO_DMACmd)
    i.SDIO_DataConfig                        0x08005284   Section       44  stm32f10x_sdio.o(i.SDIO_DataConfig)
    i.SDIO_DeInit                            0x080052b0   Section       36  stm32f10x_sdio.o(i.SDIO_DeInit)
    i.SDIO_GetCommandResponse                0x080052d4   Section       12  stm32f10x_sdio.o(i.SDIO_GetCommandResponse)
    i.SDIO_GetFlagStatus                     0x080052e0   Section       20  stm32f10x_sdio.o(i.SDIO_GetFlagStatus)
    i.SDIO_GetITStatus                       0x080052f4   Section       20  stm32f10x_sdio.o(i.SDIO_GetITStatus)
    i.SDIO_GetPowerState                     0x08005308   Section       16  stm32f10x_sdio.o(i.SDIO_GetPowerState)
    i.SDIO_GetResponse                       0x08005318   Section       12  stm32f10x_sdio.o(i.SDIO_GetResponse)
    i.SDIO_IRQHandler                        0x08005324   Section        4  stm32f10x_it.o(i.SDIO_IRQHandler)
    i.SDIO_ITConfig                          0x08005328   Section       24  stm32f10x_sdio.o(i.SDIO_ITConfig)
    i.SDIO_Init                              0x08005340   Section       44  stm32f10x_sdio.o(i.SDIO_Init)
    i.SDIO_ReadData                          0x0800536c   Section       12  stm32f10x_sdio.o(i.SDIO_ReadData)
    i.SDIO_SendCommand                       0x08005378   Section       40  stm32f10x_sdio.o(i.SDIO_SendCommand)
    i.SDIO_SetPowerState                     0x080053a0   Section       24  stm32f10x_sdio.o(i.SDIO_SetPowerState)
    i.SDIO_WriteData                         0x080053b8   Section       12  stm32f10x_sdio.o(i.SDIO_WriteData)
    i.SD_EnableWideBusOperation              0x080053c4   Section      120  sdcard.o(i.SD_EnableWideBusOperation)
    i.SD_GetCardInfo                         0x0800543c   Section      580  sdcard.o(i.SD_GetCardInfo)
    i.SD_Init                                0x08005680   Section      128  sdcard.o(i.SD_Init)
    i.SD_InitializeCards                     0x08005700   Section      260  sdcard.o(i.SD_InitializeCards)
    i.SD_PowerON                             0x08005804   Section      464  sdcard.o(i.SD_PowerON)
    i.SD_ProcessIRQSrc                       0x080059d4   Section      412  sdcard.o(i.SD_ProcessIRQSrc)
    i.SD_ReadMultiBlocks                     0x08005b70   Section      588  sdcard.o(i.SD_ReadMultiBlocks)
    i.SD_SelectDeselect                      0x08005dbc   Section       44  sdcard.o(i.SD_SelectDeselect)
    i.SD_SetDeviceMode                       0x08005de8   Section       28  sdcard.o(i.SD_SetDeviceMode)
    i.SD_StopTransfer                        0x08005e04   Section       40  sdcard.o(i.SD_StopTransfer)
    i.SD_WriteMultiBlocks                    0x08005e2c   Section      748  sdcard.o(i.SD_WriteMultiBlocks)
    i.SPI1_IRQHandler                        0x08006118   Section        2  stm32f10x_it.o(i.SPI1_IRQHandler)
    i.SPI2_IRQHandler                        0x0800611a   Section        2  stm32f10x_it.o(i.SPI2_IRQHandler)
    i.SPI3_IRQHandler                        0x0800611c   Section        2  stm32f10x_it.o(i.SPI3_IRQHandler)
    i.STM3210E_LCD_Init                      0x0800611e   Section      480  lcd.o(i.STM3210E_LCD_Init)
    i.STM32_LCD_Demo                         0x08006300   Section      192  main.o(i.STM32_LCD_Demo)
    i.STM32_LCD_DemoIntro                    0x080063c0   Section       68  menu.o(i.STM32_LCD_DemoIntro)
    i.SVCHandler                             0x08006404   Section        2  stm32f10x_it.o(i.SVCHandler)
    i.SelFunc                                0x08006408   Section       60  menu.o(i.SelFunc)
    i.Set_SELStatus                          0x08006444   Section       12  main.o(i.Set_SELStatus)
    i.ShowMenuIcons                          0x08006450   Section      620  menu.o(i.ShowMenuIcons)
    i.SysTickHandler                         0x080066bc   Section        4  stm32f10x_it.o(i.SysTickHandler)
    i.SysTick_CLKSourceConfig                0x080066c0   Section       24  stm32f10x_systick.o(i.SysTick_CLKSourceConfig)
    i.SysTick_Config                         0x080066d8   Section       28  main.o(i.SysTick_Config)
    i.SysTick_CounterCmd                     0x080066f4   Section       36  stm32f10x_systick.o(i.SysTick_CounterCmd)
    i.SysTick_GetCounter                     0x08006718   Section        8  stm32f10x_systick.o(i.SysTick_GetCounter)
    i.SysTick_ITConfig                       0x08006720   Section       24  stm32f10x_systick.o(i.SysTick_ITConfig)
    i.SysTick_SetReload                      0x08006738   Section        8  stm32f10x_systick.o(i.SysTick_SetReload)
    i.TAMPER_IRQHandler                      0x08006740   Section        2  stm32f10x_it.o(i.TAMPER_IRQHandler)
    i.TIM1_BRK_IRQHandler                    0x08006742   Section        2  stm32f10x_it.o(i.TIM1_BRK_IRQHandler)
    i.TIM1_CC_IRQHandler                     0x08006744   Section        2  stm32f10x_it.o(i.TIM1_CC_IRQHandler)
    i.TIM1_TRG_COM_IRQHandler                0x08006746   Section        2  stm32f10x_it.o(i.TIM1_TRG_COM_IRQHandler)
    i.TIM1_UP_IRQHandler                     0x08006748   Section        2  stm32f10x_it.o(i.TIM1_UP_IRQHandler)
    i.TIM2_IRQHandler                        0x0800674a   Section        2  stm32f10x_it.o(i.TIM2_IRQHandler)
    i.TIM3_IRQHandler                        0x0800674c   Section        2  stm32f10x_it.o(i.TIM3_IRQHandler)
    i.TIM4_IRQHandler                        0x0800674e   Section        2  stm32f10x_it.o(i.TIM4_IRQHandler)
    i.TIM5_IRQHandler                        0x08006750   Section        2  stm32f10x_it.o(i.TIM5_IRQHandler)
    i.TIM6_IRQHandler                        0x08006752   Section        2  stm32f10x_it.o(i.TIM6_IRQHandler)
    i.TIM7_IRQHandler                        0x08006754   Section        2  stm32f10x_it.o(i.TIM7_IRQHandler)
    i.TIM8_BRK_IRQHandler                    0x08006756   Section        2  stm32f10x_it.o(i.TIM8_BRK_IRQHandler)
    i.TIM8_CC_IRQHandler                     0x08006758   Section        2  stm32f10x_it.o(i.TIM8_CC_IRQHandler)
    i.TIM8_TRG_COM_IRQHandler                0x0800675a   Section        2  stm32f10x_it.o(i.TIM8_TRG_COM_IRQHandler)
    i.TIM8_UP_IRQHandler                     0x0800675c   Section        2  stm32f10x_it.o(i.TIM8_UP_IRQHandler)
    i.TimingMeasurement_Config               0x0800675e   Section       50  menu.o(i.TimingMeasurement_Config)
    i.UART4_IRQHandler                       0x08006790   Section        2  stm32f10x_it.o(i.UART4_IRQHandler)
    i.UART5_IRQHandler                       0x08006792   Section        2  stm32f10x_it.o(i.UART5_IRQHandler)
    i.USART1_IRQHandler                      0x08006794   Section        2  stm32f10x_it.o(i.USART1_IRQHandler)
    i.USART2_IRQHandler                      0x08006796   Section        2  stm32f10x_it.o(i.USART2_IRQHandler)
    i.USART3_IRQHandler                      0x08006798   Section        2  stm32f10x_it.o(i.USART3_IRQHandler)
    i.USBWakeUp_IRQHandler                   0x0800679a   Section        2  stm32f10x_it.o(i.USBWakeUp_IRQHandler)
    i.USB_HP_CAN_TX_IRQHandler               0x0800679c   Section        2  stm32f10x_it.o(i.USB_HP_CAN_TX_IRQHandler)
    i.USB_LP_CAN_RX0_IRQHandler              0x0800679e   Section        2  stm32f10x_it.o(i.USB_LP_CAN_RX0_IRQHandler)
    i.UpFunc                                 0x080067a0   Section      120  menu.o(i.UpFunc)
    i.UsageFaultException                    0x08006818   Section        2  stm32f10x_it.o(i.UsageFaultException)
    i.WWDG_IRQHandler                        0x0800681a   Section        2  stm32f10x_it.o(i.WWDG_IRQHandler)
    i.__0sprintf$1                           0x0800681c   Section       40  printf1.o(i.__0sprintf$1)
    i.__scatterload_copy                     0x08006844   Section       14  handlers.o(i.__scatterload_copy)
    i.__scatterload_null                     0x08006852   Section        2  handlers.o(i.__scatterload_null)
    i.__scatterload_zeroinit                 0x08006854   Section       14  handlers.o(i.__scatterload_zeroinit)
    i._printf_core                           0x08006864   Section      332  printf1.o(i._printf_core)
    _printf_core                             0x08006865   Thumb Code   328  printf1.o(i._printf_core)
    i._sputc                                 0x080069b0   Section       10  printf1.o(i._sputc)
    _sputc                                   0x080069b1   Thumb Code    10  printf1.o(i._sputc)
    i.convert_from_bytes_to_power_of_two     0x080069ba   Section       18  sdcard.o(i.convert_from_bytes_to_power_of_two)
    convert_from_bytes_to_power_of_two       0x080069bb   Thumb Code    18  sdcard.o(i.convert_from_bytes_to_power_of_two)
    i.main                                   0x080069cc   Section       40  main.o(i.main)
    .constdata                               0x080069f4   Section       20  stm32f10x_rcc.o(.constdata)
    ADCPrescTable                            0x080069f4   Data           4  stm32f10x_rcc.o(.constdata)
    APBAHBPrescTable                         0x080069f8   Data          16  stm32f10x_rcc.o(.constdata)
    .constdata                               0x08006a08   Section     4560  lcd.o(.constdata)
    .constdata                               0x08007bd8   Section       68  menu.o(.constdata)
    .conststring                             0x08007c1c   Section      126  menu.o(.conststring)
    .conststring                             0x08007c9a   Section       84  menu.o(.conststring)
    .conststring                             0x08007cee   Section       84  menu.o(.conststring)
    .conststring                             0x08007d42   Section       84  menu.o(.conststring)
    .conststring                             0x08007d96   Section       63  menu.o(.conststring)
    .conststring                             0x08007dd5   Section       84  menu.o(.conststring)
    .data                                    0x20000000   Section       40  sdcard.o(.data)
    CardType                                 0x20000004   Data           4  sdcard.o(.data)
    RCA                                      0x20000008   Data           4  sdcard.o(.data)
    DeviceMode                               0x2000000c   Data           4  sdcard.o(.data)
    TotalNumberOfBytes                       0x20000010   Data           4  sdcard.o(.data)
    StopCondition                            0x20000014   Data           4  sdcard.o(.data)
    .data                                    0x20000028   Section        8  stm32f10x_it.o(.data)
    .data                                    0x20000030   Section        4  lcd.o(.data)
    TextColor                                0x20000030   Data           2  lcd.o(.data)
    BackColor                                0x20000032   Data           2  lcd.o(.data)
    .data                                    0x20000034   Section       12  main.o(.data)
    HSEStartUpStatus                         0x20000034   Data           1  main.o(.data)
    TimingDelay                              0x20000038   Data           4  main.o(.data)
    SELStatus                                0x2000003c   Data           4  main.o(.data)
    .data                                    0x20000040   Section      148  menu.o(.data)
    .data                                    0x200000d4   Section       64  menu.o(.data)
    .data                                    0x20000114   Section       12  menu.o(.data)
    .data                                    0x20000120   Section       80  menu.o(.data)
    .data                                    0x20000170   Section       12  menu.o(.data)
    .data                                    0x2000017c   Section       80  menu.o(.data)
    .data                                    0x200001cc   Section       12  menu.o(.data)
    .data                                    0x200001d8   Section       64  menu.o(.data)
    .data                                    0x20000218   Section       12  menu.o(.data)
    .data                                    0x20000224   Section       80  menu.o(.data)
    .data                                    0x20000274   Section       12  menu.o(.data)
    .bss                                     0x20000280   Section      100  sdcard.o(.bss)
    CSD_Tab                                  0x20000280   Data          16  sdcard.o(.bss)
    CID_Tab                                  0x20000290   Data          16  sdcard.o(.bss)
    .bss                                     0x200002e4   Section    26976  menu.o(.bss)
    STACK                                    0x20006c48   Section     1024  stm32f10x_vector.o(STACK)

    Global Symbols

    Symbol Name                              Value     Ov Type        Size  Object(Section)

    BuildAttributes$$THM_ISAv4$P$D$K$B$S$PE$A:L22UL41UL21$X:L11$S22US41US21$IEEE1$IW$USESV6$~STKCKD$USESV7$~SHL$OSPACE$ROPI$EBA8$MICROLIB$REQ8$PRES8$EABIv2 0x00000000   Number         0  anon$$obj.o ABSOLUTE
    __ARM_use_no_argv                        0x00000000   Number         0  main.o ABSOLUTE
    _printf_a                                0x00000000   Number         0  stubs.o ABSOLUTE
    _printf_c                                0x00000000   Number         0  stubs.o ABSOLUTE
    _printf_charcount                        0x00000000   Number         0  stubs.o ABSOLUTE
    _printf_d                                0x00000000   Number         0  stubs.o ABSOLUTE
    _printf_e                                0x00000000   Number         0  stubs.o ABSOLUTE
    _printf_f                                0x00000000   Number         0  stubs.o ABSOLUTE
    _printf_flags                            0x00000000   Number         0  stubs.o ABSOLUTE
    _printf_fp_dec                           0x00000000   Number         0  stubs.o ABSOLUTE
    _printf_fp_hex                           0x00000000   Number         0  stubs.o ABSOLUTE
    _printf_g                                0x00000000   Number         0  stubs.o ABSOLUTE
    _printf_i                                0x00000000   Number         0  stubs.o ABSOLUTE
    _printf_int_dec                          0x00000000   Number         0  stubs.o ABSOLUTE
    _printf_l                                0x00000000   Number         0  stubs.o ABSOLUTE
    _printf_lc                               0x00000000   Number         0  stubs.o ABSOLUTE
    _printf_ll                               0x00000000   Number         0  stubs.o ABSOLUTE
    _printf_lld                              0x00000000   Number         0  stubs.o ABSOLUTE
    _printf_lli                              0x00000000   Number         0  stubs.o ABSOLUTE
    _printf_llo                              0x00000000   Number         0  stubs.o ABSOLUTE
    _printf_llu                              0x00000000   Number         0  stubs.o ABSOLUTE
    _printf_llx                              0x00000000   Number         0  stubs.o ABSOLUTE
    _printf_longlong_dec                     0x00000000   Number         0  stubs.o ABSOLUTE
    _printf_longlong_hex                     0x00000000   Number         0  stubs.o ABSOLUTE
    _printf_longlong_oct                     0x00000000   Number         0  stubs.o ABSOLUTE
    _printf_ls                               0x00000000   Number         0  stubs.o ABSOLUTE
    _printf_mbtowc                           0x00000000   Number         0  stubs.o ABSOLUTE
    _printf_n                                0x00000000   Number         0  stubs.o ABSOLUTE
    _printf_o                                0x00000000   Number         0  stubs.o ABSOLUTE
    _printf_p                                0x00000000   Number         0  stubs.o ABSOLUTE
    _printf_percent                          0x00000000   Number         0  stubs.o ABSOLUTE
    _printf_pre_padding                      0x00000000   Number         0  stubs.o ABSOLUTE
    _printf_return_value                     0x00000000   Number         0  stubs.o ABSOLUTE
    _printf_s                                0x00000000   Number         0  stubs.o ABSOLUTE
    _printf_sizespec                         0x00000000   Number         0  stubs.o ABSOLUTE
    _printf_str                              0x00000000   Number         0  stubs.o ABSOLUTE
    _printf_truncate_signed                  0x00000000   Number         0  stubs.o ABSOLUTE
    _printf_truncate_unsigned                0x00000000   Number         0  stubs.o ABSOLUTE
    _printf_u                                0x00000000   Number         0  stubs.o ABSOLUTE
    _printf_wc                               0x00000000   Number         0  stubs.o ABSOLUTE
    _printf_wctomb                           0x00000000   Number         0  stubs.o ABSOLUTE
    _printf_widthprec                        0x00000000   Number         0  stubs.o ABSOLUTE
    _printf_x                                0x00000000   Number         0  stubs.o ABSOLUTE
    __Vectors                                0x08000000   Data           4  stm32f10x_vector.o(RESET)
    __main                                   0x08000131   Thumb Code     0  entry.o(.ARM.Collect$$$$00000000)
    _main_stk                                0x08000131   Thumb Code     0  entry2.o(.ARM.Collect$$$$00000001)
    _main_scatterload                        0x08000135   Thumb Code     0  entry5.o(.ARM.Collect$$$$00000004)
    __main_after_scatterload                 0x08000139   Thumb Code     0  entry5.o(.ARM.Collect$$$$00000004)
    _main_init                               0x08000139   Thumb Code     0  entry7.o(.ARM.Collect$$$$00000007)
    Reset_Handler                            0x08000145   Thumb Code     4  stm32f10x_vector.o(.text)
    __aeabi_memcpy                           0x0800014d   Thumb Code    36  memcpya.o(.text)
    __aeabi_memcpy4                          0x0800014d   Thumb Code     0  memcpya.o(.text)
    __aeabi_memcpy8                          0x0800014d   Thumb Code     0  memcpya.o(.text)
    __aeabi_uidiv                            0x08000171   Thumb Code     0  uidiv.o(.text)
    __aeabi_uidivmod                         0x08000171   Thumb Code    44  uidiv.o(.text)
    __scatterload                            0x0800019d   Thumb Code    28  init.o(.text)
    __scatterload_rt2                        0x0800019d   Thumb Code     0  init.o(.text)
    __decompress                             0x080001c1   Thumb Code     0  __dczerorl2.o(.text)
    __decompress1                            0x080001c1   Thumb Code    88  __dczerorl2.o(.text)
    ADC1_2_IRQHandler                        0x08000219   Thumb Code     2  stm32f10x_it.o(i.ADC1_2_IRQHandler)
    ADC3_IRQHandler                          0x0800021b   Thumb Code     2  stm32f10x_it.o(i.ADC3_IRQHandler)
    ADC_Cmd                                  0x0800021d   Thumb Code    20  stm32f10x_adc.o(i.ADC_Cmd)
    ADC_Config                               0x08000231   Thumb Code    72  main.o(i.ADC_Config)
    ADC_GetConversionValue                   0x0800027d   Thumb Code     6  stm32f10x_adc.o(i.ADC_GetConversionValue)
    ADC_Init                                 0x08000285   Thumb Code    62  stm32f10x_adc.o(i.ADC_Init)
    ADC_RegularChannelConfig                 0x080002cd   Thumb Code   116  stm32f10x_adc.o(i.ADC_RegularChannelConfig)
    ADC_SoftwareStartConvCmd                 0x08000341   Thumb Code    20  stm32f10x_adc.o(i.ADC_SoftwareStartConvCmd)
    BusFaultException                        0x08000377   Thumb Code     2  stm32f10x_it.o(i.BusFaultException)
    CAN_RX1_IRQHandler                       0x08000379   Thumb Code     2  stm32f10x_it.o(i.CAN_RX1_IRQHandler)
    CAN_SCE_IRQHandler                       0x0800037b   Thumb Code     2  stm32f10x_it.o(i.CAN_SCE_IRQHandler)
    CheckBitmapFiles                         0x0800037d   Thumb Code   192  menu.o(i.CheckBitmapFiles)
    CheckBitmapFilesStatus                   0x08000449   Thumb Code   116  main.o(i.CheckBitmapFilesStatus)
    CopyToExternalSRAM                       0x08000739   Thumb Code   248  menu.o(i.CopyToExternalSRAM)
    CopyToInternalFlash                      0x08000919   Thumb Code   320  menu.o(i.CopyToInternalFlash)
    CopyToNANDFlash                          0x08000b49   Thumb Code   280  menu.o(i.CopyToNANDFlash)
    CopyToSDCard                             0x08000d49   Thumb Code   344  menu.o(i.CopyToSDCard)
    DMA1_Channel1_IRQHandler                 0x08000f91   Thumb Code     2  stm32f10x_it.o(i.DMA1_Channel1_IRQHandler)
    DMA1_Channel2_IRQHandler                 0x08000f93   Thumb Code     2  stm32f10x_it.o(i.DMA1_Channel2_IRQHandler)
    DMA1_Channel3_IRQHandler                 0x08000f95   Thumb Code   126  stm32f10x_it.o(i.DMA1_Channel3_IRQHandler)
    DMA1_Channel4_IRQHandler                 0x08001029   Thumb Code     2  stm32f10x_it.o(i.DMA1_Channel4_IRQHandler)
    DMA1_Channel5_IRQHandler                 0x0800102b   Thumb Code     2  stm32f10x_it.o(i.DMA1_Channel5_IRQHandler)
    DMA1_Channel6_IRQHandler                 0x0800102d   Thumb Code     2  stm32f10x_it.o(i.DMA1_Channel6_IRQHandler)
    DMA1_Channel7_IRQHandler                 0x0800102f   Thumb Code     2  stm32f10x_it.o(i.DMA1_Channel7_IRQHandler)
    DMA2_Channel1_IRQHandler                 0x08001031   Thumb Code     2  stm32f10x_it.o(i.DMA2_Channel1_IRQHandler)
    DMA2_Channel2_IRQHandler                 0x08001033   Thumb Code     2  stm32f10x_it.o(i.DMA2_Channel2_IRQHandler)
    DMA2_Channel3_IRQHandler                 0x08001035   Thumb Code     2  stm32f10x_it.o(i.DMA2_Channel3_IRQHandler)
    DMA2_Channel4_5_IRQHandler               0x08001037   Thumb Code     2  stm32f10x_it.o(i.DMA2_Channel4_5_IRQHandler)
    DMA_ClearFlag                            0x08001039   Thumb Code    16  stm32f10x_dma.o(i.DMA_ClearFlag)
    DMA_ClearITPendingBit                    0x0800104d   Thumb Code    16  stm32f10x_dma.o(i.DMA_ClearITPendingBit)
    DMA_Cmd                                  0x08001061   Thumb Code    20  stm32f10x_dma.o(i.DMA_Cmd)
    DMA_DeInit                               0x08001075   Thumb Code   210  stm32f10x_dma.o(i.DMA_DeInit)
    DMA_GetFlagStatus                        0x08001155   Thumb Code    26  stm32f10x_dma.o(i.DMA_GetFlagStatus)
    DMA_ITConfig                             0x08001175   Thumb Code    16  stm32f10x_dma.o(i.DMA_ITConfig)
    DMA_Init                                 0x08001185   Thumb Code    58  stm32f10x_dma.o(i.DMA_Init)
    DebugMonitor                             0x0800127d   Thumb Code     2  stm32f10x_it.o(i.DebugMonitor)
    Decrement_TimingDelay                    0x08001281   Thumb Code    16  main.o(i.Decrement_TimingDelay)
    Delay                                    0x08001295   Thumb Code    34  main.o(i.Delay)
    DelayJoyStick                            0x080012bd   Thumb Code    32  main.o(i.DelayJoyStick)
    DisplayIcons                             0x080012e1   Thumb Code    98  menu.o(i.DisplayIcons)
    DisplayMenu                              0x08001349   Thumb Code   128  menu.o(i.DisplayMenu)
    DisplayTimingCompute                     0x080013cd   Thumb Code    36  menu.o(i.DisplayTimingCompute)
    DownFunc                                 0x080013f5   Thumb Code   122  menu.o(i.DownFunc)
    EXTI0_IRQHandler                         0x08001475   Thumb Code     2  stm32f10x_it.o(i.EXTI0_IRQHandler)
    EXTI15_10_IRQHandler                     0x08001477   Thumb Code    32  stm32f10x_it.o(i.EXTI15_10_IRQHandler)
    EXTI1_IRQHandler                         0x08001497   Thumb Code     2  stm32f10x_it.o(i.EXTI1_IRQHandler)
    EXTI2_IRQHandler                         0x08001499   Thumb Code     2  stm32f10x_it.o(i.EXTI2_IRQHandler)
    EXTI3_IRQHandler                         0x0800149b   Thumb Code    28  stm32f10x_it.o(i.EXTI3_IRQHandler)
    EXTI4_IRQHandler                         0x080014b7   Thumb Code     2  stm32f10x_it.o(i.EXTI4_IRQHandler)
    EXTI9_5_IRQHandler                       0x080014b9   Thumb Code    46  stm32f10x_it.o(i.EXTI9_5_IRQHandler)
    EXTI_ClearITPendingBit                   0x080014e9   Thumb Code     6  stm32f10x_exti.o(i.EXTI_ClearITPendingBit)
    EXTI_GetITStatus                         0x080014f5   Thumb Code    24  stm32f10x_exti.o(i.EXTI_GetITStatus)
    EXTI_Init                                0x08001511   Thumb Code   134  stm32f10x_exti.o(i.EXTI_Init)
    EXTI_StructInit                          0x0800159d   Thumb Code    14  stm32f10x_exti.o(i.EXTI_StructInit)
    ExternalSRAMToLCD                        0x08001629   Thumb Code   436  menu.o(i.ExternalSRAMToLCD)
    ExternalSRAMToLCD_DMA                    0x08001939   Thumb Code   436  menu.o(i.ExternalSRAMToLCD_DMA)
    ExternalSRAMToLCD_Speed                  0x08001c49   Thumb Code   400  menu.o(i.ExternalSRAMToLCD_Speed)
    FLASH_ClearFlag                          0x08001f39   Thumb Code     6  stm32f10x_flash.o(i.FLASH_ClearFlag)
    FLASH_ErasePage                          0x08001f45   Thumb Code    60  stm32f10x_flash.o(i.FLASH_ErasePage)
    FLASH_GetStatus                          0x08001f85   Thumb Code    34  stm32f10x_flash.o(i.FLASH_GetStatus)
    FLASH_IRQHandler                         0x08001fad   Thumb Code     2  stm32f10x_it.o(i.FLASH_IRQHandler)
    FLASH_PrefetchBufferCmd                  0x08001fb1   Thumb Code    18  stm32f10x_flash.o(i.FLASH_PrefetchBufferCmd)
    FLASH_ProgramHalfWord                    0x08001fc9   Thumb Code    50  stm32f10x_flash.o(i.FLASH_ProgramHalfWord)
    FLASH_SetLatency                         0x08002001   Thumb Code    18  stm32f10x_flash.o(i.FLASH_SetLatency)
    FLASH_Unlock                             0x08002019   Thumb Code    12  stm32f10x_flash.o(i.FLASH_Unlock)
    FLASH_WaitForLastOperation               0x08002031   Thumb Code    40  stm32f10x_flash.o(i.FLASH_WaitForLastOperation)
    FSMC_IRQHandler                          0x08002059   Thumb Code     2  stm32f10x_it.o(i.FSMC_IRQHandler)
    FSMC_NANDCmd                             0x0800205d   Thumb Code    52  stm32f10x_fsmc.o(i.FSMC_NANDCmd)
    FSMC_NANDInit                            0x08002095   Thumb Code   104  stm32f10x_fsmc.o(i.FSMC_NANDInit)
    FSMC_NAND_AddressIncrement               0x080020fd   Thumb Code    54  fsmc_nand.o(i.FSMC_NAND_AddressIncrement)
    FSMC_NAND_EraseBlock                     0x08002135   Thumb Code    38  fsmc_nand.o(i.FSMC_NAND_EraseBlock)
    FSMC_NAND_GetStatus                      0x08002165   Thumb Code    38  fsmc_nand.o(i.FSMC_NAND_GetStatus)
    FSMC_NAND_Init                           0x0800218d   Thumb Code   154  fsmc_nand.o(i.FSMC_NAND_Init)
    FSMC_NAND_ReadSmallPage                  0x08002235   Thumb Code   122  fsmc_nand.o(i.FSMC_NAND_ReadSmallPage)
    FSMC_NAND_ReadSpareArea                  0x080022b9   Thumb Code   122  fsmc_nand.o(i.FSMC_NAND_ReadSpareArea)
    FSMC_NAND_ReadStatus                     0x0800233d   Thumb Code    28  fsmc_nand.o(i.FSMC_NAND_ReadStatus)
    FSMC_NAND_WriteSmallPage                 0x0800235d   Thumb Code   146  fsmc_nand.o(i.FSMC_NAND_WriteSmallPage)
    FSMC_NORSRAMCmd                          0x080023f9   Thumb Code    28  stm32f10x_fsmc.o(i.FSMC_NORSRAMCmd)
    FSMC_NORSRAMInit                         0x08002419   Thumb Code   188  stm32f10x_fsmc.o(i.FSMC_NORSRAMInit)
    FSMC_NOR_Init                            0x080024d5   Thumb Code   228  fsmc_nor.o(i.FSMC_NOR_Init)
    FSMC_NOR_ReadID                          0x080025c9   Thumb Code    40  fsmc_nor.o(i.FSMC_NOR_ReadID)
    FSMC_NOR_ReturnToReadMode                0x080025f1   Thumb Code    12  fsmc_nor.o(i.FSMC_NOR_ReturnToReadMode)
    FSMC_SRAM_Init                           0x080025fd   Thumb Code   222  fsmc_sram.o(i.FSMC_SRAM_Init)
    FSMC_SRAM_WriteBuffer                    0x080026ed   Thumb Code    24  fsmc_sram.o(i.FSMC_SRAM_WriteBuffer)
    GPIO_Config                              0x0800284d   Thumb Code   166  main.o(i.GPIO_Config)
    GPIO_EXTILineConfig                      0x08002905   Thumb Code    34  stm32f10x_gpio.o(i.GPIO_EXTILineConfig)
    GPIO_Init                                0x0800292d   Thumb Code   158  stm32f10x_gpio.o(i.GPIO_Init)
    GPIO_ReadInputDataBit                    0x080029cb   Thumb Code    14  stm32f10x_gpio.o(i.GPIO_ReadInputDataBit)
    GPIO_ResetBits                           0x080029d9   Thumb Code     4  stm32f10x_gpio.o(i.GPIO_ResetBits)
    GPIO_SetBits                             0x080029dd   Thumb Code     4  stm32f10x_gpio.o(i.GPIO_SetBits)
    HardFaultException                       0x080029e1   Thumb Code     2  stm32f10x_it.o(i.HardFaultException)
    I2C1_ER_IRQHandler                       0x080029e3   Thumb Code     2  stm32f10x_it.o(i.I2C1_ER_IRQHandler)
    I2C1_EV_IRQHandler                       0x080029e5   Thumb Code     2  stm32f10x_it.o(i.I2C1_EV_IRQHandler)
    I2C2_ER_IRQHandler                       0x080029e7   Thumb Code     2  stm32f10x_it.o(i.I2C2_ER_IRQHandler)
    I2C2_EV_IRQHandler                       0x080029e9   Thumb Code     2  stm32f10x_it.o(i.I2C2_EV_IRQHandler)
    IdleFunc                                 0x080029eb   Thumb Code     2  menu.o(i.IdleFunc)
    IntExtOnOffConfig                        0x080029ed   Thumb Code    58  main.o(i.IntExtOnOffConfig)
    InternalFlashToLCD                       0x08002aa1   Thumb Code   432  menu.o(i.InternalFlashToLCD)
    InternalFlashToLCD_DMA                   0x08002db1   Thumb Code   432  menu.o(i.InternalFlashToLCD_DMA)
    InternalFlashToLCD_Speed                 0x080030c1   Thumb Code   396  menu.o(i.InternalFlashToLCD_Speed)
    InterruptConfig                          0x080033b1   Thumb Code   162  main.o(i.InterruptConfig)
    LCD_Clear                                0x08003571   Thumb Code    38  lcd.o(i.LCD_Clear)
    LCD_ClearLine                            0x08003599   Thumb Code     6  lcd.o(i.LCD_ClearLine)
    LCD_CtrlLinesConfig                      0x080035b9   Thumb Code    96  lcd.o(i.LCD_CtrlLinesConfig)
    LCD_DisplayChar                          0x08003629   Thumb Code    18  lcd.o(i.LCD_DisplayChar)
    LCD_DisplayStringLine                    0x08003641   Thumb Code    60  lcd.o(i.LCD_DisplayStringLine)
    LCD_DrawChar                             0x0800367d   Thumb Code    88  lcd.o(i.LCD_DrawChar)
    LCD_DrawLine                             0x080036d9   Thumb Code    86  lcd.o(i.LCD_DrawLine)
    LCD_DrawRect                             0x08003735   Thumb Code    64  lcd.o(i.LCD_DrawRect)
    LCD_FSMCConfig                           0x08003775   Thumb Code    84  lcd.o(i.LCD_FSMCConfig)
    LCD_NORDisplay                           0x0800384d   Thumb Code    36  menu.o(i.LCD_NORDisplay)
    LCD_SetBackColor                         0x080038f5   Thumb Code     6  lcd.o(i.LCD_SetBackColor)
    LCD_SetCursor                            0x08003901   Thumb Code    18  lcd.o(i.LCD_SetCursor)
    LCD_SetDisplayWindow                     0x08003913   Thumb Code    66  lcd.o(i.LCD_SetDisplayWindow)
    LCD_SetTextColor                         0x08003955   Thumb Code     6  lcd.o(i.LCD_SetTextColor)
    LCD_WindowModeDisable                    0x08003961   Thumb Code    32  lcd.o(i.LCD_WindowModeDisable)
    LCD_WriteBMP                             0x08003981   Thumb Code    70  lcd.o(i.LCD_WriteBMP)
    LCD_WriteRAM                             0x08003a59   Thumb Code     8  lcd.o(i.LCD_WriteRAM)
    LCD_WriteRAM_Prepare                     0x08003a61   Thumb Code    10  lcd.o(i.LCD_WriteRAM_Prepare)
    LCD_WriteReg                             0x08003a6b   Thumb Code    10  lcd.o(i.LCD_WriteReg)
    MemManageException                       0x08003acb   Thumb Code     2  stm32f10x_it.o(i.MemManageException)
    Menu_Init                                0x08003acd   Thumb Code    26  menu.o(i.Menu_Init)
    NANDFlashToLCD                           0x08003af1   Thumb Code   344  menu.o(i.NANDFlashToLCD)
    NANDFlashToLCD_Speed                     0x08003d29   Thumb Code   300  menu.o(i.NANDFlashToLCD_Speed)
    NAND_PhysicalErase                       0x08003fb9   Thumb Code   156  menu.o(i.NAND_PhysicalErase)
    NMIException                             0x08004169   Thumb Code     2  stm32f10x_it.o(i.NMIException)
    NORFlashToLCD                            0x0800416d   Thumb Code   368  menu.o(i.NORFlashToLCD)
    NORFlashToLCD_DMA                        0x080043c1   Thumb Code   368  menu.o(i.NORFlashToLCD_DMA)
    NORFlashToLCD_Speed                      0x08004615   Thumb Code   344  menu.o(i.NORFlashToLCD_Speed)
    NVIC_DeInit                              0x08004859   Thumb Code    44  stm32f10x_nvic.o(i.NVIC_DeInit)
    NVIC_Init                                0x08004885   Thumb Code   116  stm32f10x_nvic.o(i.NVIC_Init)
    NVIC_PriorityGroupConfig                 0x080048f9   Thumb Code    10  stm32f10x_nvic.o(i.NVIC_PriorityGroupConfig)
    NVIC_SetVectorTable                      0x0800490d   Thumb Code    12  stm32f10x_nvic.o(i.NVIC_SetVectorTable)
    NVIC_SystemHandlerPriorityConfig         0x08004921   Thumb Code    76  stm32f10x_nvic.o(i.NVIC_SystemHandlerPriorityConfig)
    PVD_IRQHandler                           0x0800496d   Thumb Code     2  stm32f10x_it.o(i.PVD_IRQHandler)
    PendSVC                                  0x0800496f   Thumb Code     2  stm32f10x_it.o(i.PendSVC)
    RCC_AHBPeriphClockCmd                    0x08004971   Thumb Code    18  stm32f10x_rcc.o(i.RCC_AHBPeriphClockCmd)
    RCC_APB2PeriphClockCmd                   0x08004989   Thumb Code    18  stm32f10x_rcc.o(i.RCC_APB2PeriphClockCmd)
    RCC_DeInit                               0x080049a1   Thumb Code    48  stm32f10x_rcc.o(i.RCC_DeInit)
    RCC_GetClocksFreq                        0x080049dd   Thumb Code   132  stm32f10x_rcc.o(i.RCC_GetClocksFreq)
    RCC_GetFlagStatus                        0x08004a71   Thumb Code    42  stm32f10x_rcc.o(i.RCC_GetFlagStatus)
    RCC_GetSYSCLKSource                      0x08004aa1   Thumb Code    10  stm32f10x_rcc.o(i.RCC_GetSYSCLKSource)
    RCC_HCLKConfig                           0x08004ab1   Thumb Code    14  stm32f10x_rcc.o(i.RCC_HCLKConfig)
    RCC_HSEConfig                            0x08004ac5   Thumb Code    48  stm32f10x_rcc.o(i.RCC_HSEConfig)
    RCC_IRQHandler                           0x08004af9   Thumb Code     2  stm32f10x_it.o(i.RCC_IRQHandler)
    RCC_PCLK1Config                          0x08004afd   Thumb Code    14  stm32f10x_rcc.o(i.RCC_PCLK1Config)
    RCC_PCLK2Config                          0x08004b11   Thumb Code    16  stm32f10x_rcc.o(i.RCC_PCLK2Config)
    RCC_PLLCmd                               0x08004b25   Thumb Code     6  stm32f10x_rcc.o(i.RCC_PLLCmd)
    RCC_PLLConfig                            0x08004b31   Thumb Code    16  stm32f10x_rcc.o(i.RCC_PLLConfig)
    RCC_SYSCLKConfig                         0x08004b45   Thumb Code    14  stm32f10x_rcc.o(i.RCC_SYSCLKConfig)
    RCC_WaitForHSEStartUp                    0x08004b59   Thumb Code    36  stm32f10x_rcc.o(i.RCC_WaitForHSEStartUp)
    RTCAlarm_IRQHandler                      0x08004b7d   Thumb Code     2  stm32f10x_it.o(i.RTCAlarm_IRQHandler)
    RTC_IRQHandler                           0x08004b7f   Thumb Code     2  stm32f10x_it.o(i.RTC_IRQHandler)
    ReadKey                                  0x08004b81   Thumb Code   182  menu.o(i.ReadKey)
    ReturnFunc                               0x08004c71   Thumb Code    72  menu.o(i.ReturnFunc)
    SDCardToLCD                              0x08004cc1   Thumb Code   412  menu.o(i.SDCardToLCD)
    SDCardToLCD_Speed                        0x08004f41   Thumb Code   368  menu.o(i.SDCardToLCD_Speed)
    SDIO_ClearFlag                           0x08005255   Thumb Code     6  stm32f10x_sdio.o(i.SDIO_ClearFlag)
    SDIO_ClearITPendingBit                   0x08005261   Thumb Code     6  stm32f10x_sdio.o(i.SDIO_ClearITPendingBit)
    SDIO_ClockCmd                            0x0800526d   Thumb Code     6  stm32f10x_sdio.o(i.SDIO_ClockCmd)
    SDIO_DMACmd                              0x08005279   Thumb Code     6  stm32f10x_sdio.o(i.SDIO_DMACmd)
    SDIO_DataConfig                          0x08005285   Thumb Code    38  stm32f10x_sdio.o(i.SDIO_DataConfig)
    SDIO_DeInit                              0x080052b1   Thumb Code    26  stm32f10x_sdio.o(i.SDIO_DeInit)
    SDIO_GetCommandResponse                  0x080052d5   Thumb Code     8  stm32f10x_sdio.o(i.SDIO_GetCommandResponse)
    SDIO_GetFlagStatus                       0x080052e1   Thumb Code    16  stm32f10x_sdio.o(i.SDIO_GetFlagStatus)
    SDIO_GetITStatus                         0x080052f5   Thumb Code    16  stm32f10x_sdio.o(i.SDIO_GetITStatus)
    SDIO_GetPowerState                       0x08005309   Thumb Code    10  stm32f10x_sdio.o(i.SDIO_GetPowerState)
    SDIO_GetResponse                         0x08005319   Thumb Code     8  stm32f10x_sdio.o(i.SDIO_GetResponse)
    SDIO_IRQHandler                          0x08005325   Thumb Code     4  stm32f10x_it.o(i.SDIO_IRQHandler)
    SDIO_ITConfig                            0x08005329   Thumb Code    18  stm32f10x_sdio.o(i.SDIO_ITConfig)
    SDIO_Init                                0x08005341   Thumb Code    40  stm32f10x_sdio.o(i.SDIO_Init)
    SDIO_ReadData                            0x0800536d   Thumb Code     6  stm32f10x_sdio.o(i.SDIO_ReadData)
    SDIO_SendCommand                         0x08005379   Thumb Code    34  stm32f10x_sdio.o(i.SDIO_SendCommand)
    SDIO_SetPowerState                       0x080053a1   Thumb Code    18  stm32f10x_sdio.o(i.SDIO_SetPowerState)
    SDIO_WriteData                           0x080053b9   Thumb Code     6  stm32f10x_sdio.o(i.SDIO_WriteData)
    SD_EnableWideBusOperation                0x080053c5   Thumb Code   110  sdcard.o(i.SD_EnableWideBusOperation)
    SD_GetCardInfo                           0x0800543d   Thumb Code   570  sdcard.o(i.SD_GetCardInfo)
    SD_Init                                  0x08005681   Thumb Code   116  sdcard.o(i.SD_Init)
    SD_InitializeCards                       0x08005701   Thumb Code   250  sdcard.o(i.SD_InitializeCards)
    SD_PowerON                               0x08005805   Thumb Code   448  sdcard.o(i.SD_PowerON)
    SD_ProcessIRQSrc                         0x080059d5   Thumb Code   408  sdcard.o(i.SD_ProcessIRQSrc)
    SD_ReadMultiBlocks                       0x08005b71   Thumb Code   566  sdcard.o(i.SD_ReadMultiBlocks)
    SD_SelectDeselect                        0x08005dbd   Thumb Code    40  sdcard.o(i.SD_SelectDeselect)
    SD_SetDeviceMode                         0x08005de9   Thumb Code    24  sdcard.o(i.SD_SetDeviceMode)
    SD_StopTransfer                          0x08005e05   Thumb Code    36  sdcard.o(i.SD_StopTransfer)
    SD_WriteMultiBlocks                      0x08005e2d   Thumb Code   728  sdcard.o(i.SD_WriteMultiBlocks)
    SPI1_IRQHandler                          0x08006119   Thumb Code     2  stm32f10x_it.o(i.SPI1_IRQHandler)
    SPI2_IRQHandler                          0x0800611b   Thumb Code     2  stm32f10x_it.o(i.SPI2_IRQHandler)
    SPI3_IRQHandler                          0x0800611d   Thumb Code     2  stm32f10x_it.o(i.SPI3_IRQHandler)
    STM3210E_LCD_Init                        0x0800611f   Thumb Code   480  lcd.o(i.STM3210E_LCD_Init)
    STM32_LCD_Demo                           0x08006301   Thumb Code   186  main.o(i.STM32_LCD_Demo)
    STM32_LCD_DemoIntro                      0x080063c1   Thumb Code    62  menu.o(i.STM32_LCD_DemoIntro)
    SVCHandler                               0x08006405   Thumb Code     2  stm32f10x_it.o(i.SVCHandler)
    SelFunc                                  0x08006409   Thumb Code    52  menu.o(i.SelFunc)
    Set_SELStatus                            0x08006445   Thumb Code     8  main.o(i.Set_SELStatus)
    ShowMenuIcons                            0x08006451   Thumb Code   606  menu.o(i.ShowMenuIcons)
    SysTickHandler                           0x080066bd   Thumb Code     4  stm32f10x_it.o(i.SysTickHandler)
    SysTick_CLKSourceConfig                  0x080066c1   Thumb Code    24  stm32f10x_systick.o(i.SysTick_CLKSourceConfig)
    SysTick_Config                           0x080066d9   Thumb Code    24  main.o(i.SysTick_Config)
    SysTick_CounterCmd                       0x080066f5   Thumb Code    36  stm32f10x_systick.o(i.SysTick_CounterCmd)
    SysTick_GetCounter                       0x08006719   Thumb Code     8  stm32f10x_systick.o(i.SysTick_GetCounter)
    SysTick_ITConfig                         0x08006721   Thumb Code    24  stm32f10x_systick.o(i.SysTick_ITConfig)
    SysTick_SetReload                        0x08006739   Thumb Code     8  stm32f10x_systick.o(i.SysTick_SetReload)
    TAMPER_IRQHandler                        0x08006741   Thumb Code     2  stm32f10x_it.o(i.TAMPER_IRQHandler)
    TIM1_BRK_IRQHandler                      0x08006743   Thumb Code     2  stm32f10x_it.o(i.TIM1_BRK_IRQHandler)
    TIM1_CC_IRQHandler                       0x08006745   Thumb Code     2  stm32f10x_it.o(i.TIM1_CC_IRQHandler)
    TIM1_TRG_COM_IRQHandler                  0x08006747   Thumb Code     2  stm32f10x_it.o(i.TIM1_TRG_COM_IRQHandler)
    TIM1_UP_IRQHandler                       0x08006749   Thumb Code     2  stm32f10x_it.o(i.TIM1_UP_IRQHandler)
    TIM2_IRQHandler                          0x0800674b   Thumb Code     2  stm32f10x_it.o(i.TIM2_IRQHandler)
    TIM3_IRQHandler                          0x0800674d   Thumb Code     2  stm32f10x_it.o(i.TIM3_IRQHandler)
    TIM4_IRQHandler                          0x0800674f   Thumb Code     2  stm32f10x_it.o(i.TIM4_IRQHandler)
    TIM5_IRQHandler                          0x08006751   Thumb Code     2  stm32f10x_it.o(i.TIM5_IRQHandler)
    TIM6_IRQHandler                          0x08006753   Thumb Code     2  stm32f10x_it.o(i.TIM6_IRQHandler)
    TIM7_IRQHandler                          0x08006755   Thumb Code     2  stm32f10x_it.o(i.TIM7_IRQHandler)
    TIM8_BRK_IRQHandler                      0x08006757   Thumb Code     2  stm32f10x_it.o(i.TIM8_BRK_IRQHandler)
    TIM8_CC_IRQHandler                       0x08006759   Thumb Code     2  stm32f10x_it.o(i.TIM8_CC_IRQHandler)
    TIM8_TRG_COM_IRQHandler                  0x0800675b   Thumb Code     2  stm32f10x_it.o(i.TIM8_TRG_COM_IRQHandler)
    TIM8_UP_IRQHandler                       0x0800675d   Thumb Code     2  stm32f10x_it.o(i.TIM8_UP_IRQHandler)
    TimingMeasurement_Config                 0x0800675f   Thumb Code    50  menu.o(i.TimingMeasurement_Config)
    UART4_IRQHandler                         0x08006791   Thumb Code     2  stm32f10x_it.o(i.UART4_IRQHandler)
    UART5_IRQHandler                         0x08006793   Thumb Code     2  stm32f10x_it.o(i.UART5_IRQHandler)
    USART1_IRQHandler                        0x08006795   Thumb Code     2  stm32f10x_it.o(i.USART1_IRQHandler)
    USART2_IRQHandler                        0x08006797   Thumb Code     2  stm32f10x_it.o(i.USART2_IRQHandler)
    USART3_IRQHandler                        0x08006799   Thumb Code     2  stm32f10x_it.o(i.USART3_IRQHandler)
    USBWakeUp_IRQHandler                     0x0800679b   Thumb Code     2  stm32f10x_it.o(i.USBWakeUp_IRQHandler)
    USB_HP_CAN_TX_IRQHandler                 0x0800679d   Thumb Code     2  stm32f10x_it.o(i.USB_HP_CAN_TX_IRQHandler)
    USB_LP_CAN_RX0_IRQHandler                0x0800679f   Thumb Code     2  stm32f10x_it.o(i.USB_LP_CAN_RX0_IRQHandler)
    UpFunc                                   0x080067a1   Thumb Code   114  menu.o(i.UpFunc)
    UsageFaultException                      0x08006819   Thumb Code     2  stm32f10x_it.o(i.UsageFaultException)
    WWDG_IRQHandler                          0x0800681b   Thumb Code     2  stm32f10x_it.o(i.WWDG_IRQHandler)
    __0sprintf$1                             0x0800681d   Thumb Code    34  printf1.o(i.__0sprintf$1)
    __1sprintf$1                             0x0800681d   Thumb Code     0  printf1.o(i.__0sprintf$1)
    __2sprintf                               0x0800681d   Thumb Code     0  printf1.o(i.__0sprintf$1)
    __scatterload_copy                       0x08006845   Thumb Code    14  handlers.o(i.__scatterload_copy)
    __scatterload_null                       0x08006853   Thumb Code     2  handlers.o(i.__scatterload_null)
    __scatterload_zeroinit                   0x08006855   Thumb Code    14  handlers.o(i.__scatterload_zeroinit)
    main                                     0x080069cd   Thumb Code    36  main.o(i.main)
    ASCII_Table                              0x08006a08   Data        4560  lcd.o(.constdata)
    IconsAddr                                0x08007bd8   Data          20  menu.o(.constdata)
    Region$$Table$$Base                      0x08007e2c   Number         0  anon$$obj.o(Region$$Table)
    Region$$Table$$Limit                     0x08007e4c   Number         0  anon$$obj.o(Region$$Table)
    TransferError                            0x20000000   Data           1  sdcard.o(.data)
    TransferEnd                              0x20000018   Data           4  sdcard.o(.data)
    NumberOfBytes                            0x2000001c   Data           4  sdcard.o(.data)
    SrcBuffer                                0x20000020   Data           4  sdcard.o(.data)
    DestBuffer                               0x20000024   Data           4  sdcard.o(.data)
    DMAComplete                              0x20000028   Data           4  stm32f10x_it.o(.data)
    FirstEntry                               0x2000002c   Data           4  stm32f10x_it.o(.data)
    MenuItemIndex                            0x20000040   Data           1  menu.o(.data)
    nMenuLevel                               0x20000041   Data           1  menu.o(.data)
    Status                                   0x20000042   Data           1  menu.o(.data)
    DMASourceAddress                         0x20000044   Data           4  menu.o(.data)
    fractionaltimeunits                      0x20000048   Data           4  menu.o(.data)
    ItemNumb                                 0x2000004c   Data           4  menu.o(.data)
    psMenuItem                               0x20000050   Data           4  menu.o(.data)
    psCurrentMenuItem                        0x20000054   Data           4  menu.o(.data)
    psCurrentMenu                            0x20000058   Data           4  menu.o(.data)
    SlidesCheck                              0x2000005c   Data           6  menu.o(.data)
    Icons64Check                             0x20000062   Data           6  menu.o(.data)
    wAddress                                 0x20000068   Data           6  menu.o(.data)
    NOR_ID                                   0x2000006e   Data           8  menu.o(.data)
    MainMenuItems                            0x20000078   Data          80  menu.o(.data)
    MainMenu                                 0x200000c8   Data          12  menu.o(.data)
    SDCardMenuItems                          0x200000d4   Data          64  menu.o(.data)
    SDCardMenu                               0x20000114   Data          12  menu.o(.data)
    NANDFlashMenuItems                       0x20000120   Data          80  menu.o(.data)
    NANDFlashMenu                            0x20000170   Data          12  menu.o(.data)
    ExternalSRAMMenuItems                    0x2000017c   Data          80  menu.o(.data)
    ExternalSRAMMenu                         0x200001cc   Data          12  menu.o(.data)
    NORFlashMenuItems                        0x200001d8   Data          64  menu.o(.data)
    NORFlashMenu                             0x20000218   Data          12  menu.o(.data)
    InternalFlashMenuItems                   0x20000224   Data          80  menu.o(.data)
    InternalFlashMenu                        0x20000274   Data          12  menu.o(.data)
    SDIO_InitStructure                       0x200002a0   Data          24  sdcard.o(.bss)
    SDIO_CmdInitStructure                    0x200002b8   Data          20  sdcard.o(.bss)
    SDIO_DataInitStructure                   0x200002cc   Data          24  sdcard.o(.bss)
    psPrevMenu                               0x200002e4   Data          16  menu.o(.bss)
    SDCardInfo                               0x200002f4   Data          80  menu.o(.bss)
    Buffer_Block_Rx                          0x20000344   Data       10240  menu.o(.bss)
    pBuffer                                  0x20002b44   Data       16384  menu.o(.bss)
    TxBuffer                                 0x20006b44   Data         256  menu.o(.bss)
    __initial_sp                             0x20007048   Data           0  stm32f10x_vector.o(STACK)



==============================================================================

Memory Map of the image

  Image Entry point : 0x08000131

  Load Region LR_IROM1 (Base: 0x08000000, Size: 0x000080cc, Max: 0x00080000, ABSOLUTE, COMPRESSED[0x00007f3c])

    Execution Region ER_IROM1 (Base: 0x08000000, Size: 0x00007e4c, Max: 0x00080000, ABSOLUTE)

    Base Addr    Size         Type   Attr      Idx    E Section Name        Object

    0x08000000   0x00000130   Data   RO            3    RESET               stm32f10x_vector.o
    0x08000130   0x00000000   Code   RO         2730  * .ARM.Collect$$$$00000000  entry.o(mc_w.l)
    0x08000130   0x00000004   Code   RO         2998    .ARM.Collect$$$$00000001  entry2.o(mc_w.l)
    0x08000134   0x00000004   Code   RO         3001    .ARM.Collect$$$$00000004  entry5.o(mc_w.l)
    0x08000138   0x00000008   Code   RO         3002    .ARM.Collect$$$$00000007  entry7.o(mc_w.l)
    0x08000140   0x00000004   Code   RO         2999    .ARM.Collect$$$$00002712  entry2.o(mc_w.l)
    0x08000144   0x00000008   Code   RO            4    .text               stm32f10x_vector.o
    0x0800014c   0x00000024   Code   RO         2733    .text               memcpya.o(mc_w.l)
    0x08000170   0x0000002c   Code   RO         3006    .text               uidiv.o(mc_w.l)
    0x0800019c   0x00000024   Code   RO         3021    .text               init.o(mc_w.l)
    0x080001c0   0x00000058   Code   RO         3038    .text               __dczerorl2.o(mc_w.l)
    0x08000218   0x00000002   Code   RO         1568    i.ADC1_2_IRQHandler  stm32f10x_it.o
    0x0800021a   0x00000002   Code   RO         1569    i.ADC3_IRQHandler   stm32f10x_it.o
    0x0800021c   0x00000014   Code   RO         1186    i.ADC_Cmd           stm32f10x_adc.o
    0x08000230   0x0000004c   Code   RO         2358    i.ADC_Config        main.o
    0x0800027c   0x00000006   Code   RO         1195    i.ADC_GetConversionValue  stm32f10x_adc.o
    0x08000282   0x00000002   PAD
    0x08000284   0x00000048   Code   RO         1204    i.ADC_Init          stm32f10x_adc.o
    0x080002cc   0x00000074   Code   RO         1208    i.ADC_RegularChannelConfig  stm32f10x_adc.o
    0x08000340   0x00000014   Code   RO         1211    i.ADC_SoftwareStartConvCmd  stm32f10x_adc.o
    0x08000354   0x00000022   Code   RO         2438    i.Buffercmp         menu.o
    0x08000376   0x00000002   Code   RO         1570    i.BusFaultException  stm32f10x_it.o
    0x08000378   0x00000002   Code   RO         1571    i.CAN_RX1_IRQHandler  stm32f10x_it.o
    0x0800037a   0x00000002   Code   RO         1572    i.CAN_SCE_IRQHandler  stm32f10x_it.o
    0x0800037c   0x000000cc   Code   RO         2439    i.CheckBitmapFiles  menu.o
    0x08000448   0x00000164   Code   RO         2359    i.CheckBitmapFilesStatus  main.o
    0x080005ac   0x000000e8   Code   RO         1402    i.CmdResp1Error     sdcard.o
    0x08000694   0x00000034   Code   RO         1403    i.CmdResp2Error     sdcard.o
    0x080006c8   0x00000070   Code   RO         1404    i.CmdResp6Error     sdcard.o
    0x08000738   0x000001e0   Code   RO         2440    i.CopyToExternalSRAM  menu.o
    0x08000918   0x00000230   Code   RO         2441    i.CopyToInternalFlash  menu.o
    0x08000b48   0x00000200   Code   RO         2442    i.CopyToNANDFlash   menu.o
    0x08000d48   0x00000248   Code   RO         2443    i.CopyToSDCard      menu.o
    0x08000f90   0x00000002   Code   RO         1573    i.DMA1_Channel1_IRQHandler  stm32f10x_it.o
    0x08000f92   0x00000002   Code   RO         1574    i.DMA1_Channel2_IRQHandler  stm32f10x_it.o
    0x08000f94   0x00000094   Code   RO         1575    i.DMA1_Channel3_IRQHandler  stm32f10x_it.o
    0x08001028   0x00000002   Code   RO         1576    i.DMA1_Channel4_IRQHandler  stm32f10x_it.o
    0x0800102a   0x00000002   Code   RO         1577    i.DMA1_Channel5_IRQHandler  stm32f10x_it.o
    0x0800102c   0x00000002   Code   RO         1578    i.DMA1_Channel6_IRQHandler  stm32f10x_it.o
    0x0800102e   0x00000002   Code   RO         1579    i.DMA1_Channel7_IRQHandler  stm32f10x_it.o
    0x08001030   0x00000002   Code   RO         1580    i.DMA2_Channel1_IRQHandler  stm32f10x_it.o
    0x08001032   0x00000002   Code   RO         1581    i.DMA2_Channel2_IRQHandler  stm32f10x_it.o
    0x08001034   0x00000002   Code   RO         1582    i.DMA2_Channel3_IRQHandler  stm32f10x_it.o
    0x08001036   0x00000002   Code   RO         1583    i.DMA2_Channel4_5_IRQHandler  stm32f10x_it.o
    0x08001038   0x00000014   Code   RO          970    i.DMA_ClearFlag     stm32f10x_dma.o
    0x0800104c   0x00000014   Code   RO          971    i.DMA_ClearITPendingBit  stm32f10x_dma.o
    0x08001060   0x00000014   Code   RO          972    i.DMA_Cmd           stm32f10x_dma.o
    0x08001074   0x000000e0   Code   RO          973    i.DMA_DeInit        stm32f10x_dma.o
    0x08001154   0x00000020   Code   RO          975    i.DMA_GetFlagStatus  stm32f10x_dma.o
    0x08001174   0x00000010   Code   RO          977    i.DMA_ITConfig      stm32f10x_dma.o
    0x08001184   0x0000003a   Code   RO          978    i.DMA_Init          stm32f10x_dma.o
    0x080011be   0x00000002   PAD
    0x080011c0   0x0000005c   Code   RO         1405    i.DMA_RxConfiguration  sdcard.o
    0x0800121c   0x00000060   Code   RO         1406    i.DMA_TxConfiguration  sdcard.o
    0x0800127c   0x00000002   Code   RO         1584    i.DebugMonitor      stm32f10x_it.o
    0x0800127e   0x00000002   PAD
    0x08001280   0x00000014   Code   RO         2360    i.Decrement_TimingDelay  main.o
    0x08001294   0x00000028   Code   RO         2361    i.Delay             main.o
    0x080012bc   0x00000024   Code   RO         2362    i.DelayJoyStick     main.o
    0x080012e0   0x00000068   Code   RO         2444    i.DisplayIcons      menu.o
    0x08001348   0x00000084   Code   RO         2445    i.DisplayMenu       menu.o
    0x080013cc   0x00000028   Code   RO         2446    i.DisplayTimingCompute  menu.o
    0x080013f4   0x00000080   Code   RO         2447    i.DownFunc          menu.o
    0x08001474   0x00000002   Code   RO         1585    i.EXTI0_IRQHandler  stm32f10x_it.o
    0x08001476   0x00000020   Code   RO         1586    i.EXTI15_10_IRQHandler  stm32f10x_it.o
    0x08001496   0x00000002   Code   RO         1587    i.EXTI1_IRQHandler  stm32f10x_it.o
    0x08001498   0x00000002   Code   RO         1588    i.EXTI2_IRQHandler  stm32f10x_it.o
    0x0800149a   0x0000001c   Code   RO         1589    i.EXTI3_IRQHandler  stm32f10x_it.o
    0x080014b6   0x00000002   Code   RO         1590    i.EXTI4_IRQHandler  stm32f10x_it.o
    0x080014b8   0x0000002e   Code   RO         1591    i.EXTI9_5_IRQHandler  stm32f10x_it.o
    0x080014e6   0x00000002   PAD
    0x080014e8   0x0000000c   Code   RO          917    i.EXTI_ClearITPendingBit  stm32f10x_exti.o
    0x080014f4   0x0000001c   Code   RO          921    i.EXTI_GetITStatus  stm32f10x_exti.o
    0x08001510   0x0000008c   Code   RO          922    i.EXTI_Init         stm32f10x_exti.o
    0x0800159c   0x0000000e   Code   RO          923    i.EXTI_StructInit   stm32f10x_exti.o
    0x080015aa   0x00000002   PAD
    0x080015ac   0x0000007c   Code   RO         2448    i.ExternalSRAMCheckBitmapFiles  menu.o
    0x08001628   0x00000310   Code   RO         2449    i.ExternalSRAMToLCD  menu.o
    0x08001938   0x00000310   Code   RO         2450    i.ExternalSRAMToLCD_DMA  menu.o
    0x08001c48   0x000002f0   Code   RO         2451    i.ExternalSRAMToLCD_Speed  menu.o
    0x08001f38   0x0000000c   Code   RO         1036    i.FLASH_ClearFlag   stm32f10x_flash.o
    0x08001f44   0x00000040   Code   RO         1040    i.FLASH_ErasePage   stm32f10x_flash.o
    0x08001f84   0x00000028   Code   RO         1044    i.FLASH_GetStatus   stm32f10x_flash.o
    0x08001fac   0x00000002   Code   RO         1592    i.FLASH_IRQHandler  stm32f10x_it.o
    0x08001fae   0x00000002   PAD
    0x08001fb0   0x00000018   Code   RO         1050    i.FLASH_PrefetchBufferCmd  stm32f10x_flash.o
    0x08001fc8   0x00000038   Code   RO         1051    i.FLASH_ProgramHalfWord  stm32f10x_flash.o
    0x08002000   0x00000018   Code   RO         1055    i.FLASH_SetLatency  stm32f10x_flash.o
    0x08002018   0x00000018   Code   RO         1056    i.FLASH_Unlock      stm32f10x_flash.o
    0x08002030   0x00000028   Code   RO         1058    i.FLASH_WaitForLastOperation  stm32f10x_flash.o
    0x08002058   0x00000002   Code   RO         1593    i.FSMC_IRQHandler   stm32f10x_it.o
    0x0800205a   0x00000002   PAD
    0x0800205c   0x00000038   Code   RO           77    i.FSMC_NANDCmd      stm32f10x_fsmc.o
    0x08002094   0x00000068   Code   RO           80    i.FSMC_NANDInit     stm32f10x_fsmc.o
    0x080020fc   0x00000036   Code   RO         2020    i.FSMC_NAND_AddressIncrement  fsmc_nand.o
    0x08002132   0x00000002   PAD
    0x08002134   0x00000030   Code   RO         2021    i.FSMC_NAND_EraseBlock  fsmc_nand.o
    0x08002164   0x00000026   Code   RO         2022    i.FSMC_NAND_GetStatus  fsmc_nand.o
    0x0800218a   0x00000002   PAD
    0x0800218c   0x000000a8   Code   RO         2023    i.FSMC_NAND_Init    fsmc_nand.o
    0x08002234   0x00000084   Code   RO         2025    i.FSMC_NAND_ReadSmallPage  fsmc_nand.o
    0x080022b8   0x00000084   Code   RO         2026    i.FSMC_NAND_ReadSpareArea  fsmc_nand.o
    0x0800233c   0x00000020   Code   RO         2027    i.FSMC_NAND_ReadStatus  fsmc_nand.o
    0x0800235c   0x0000009c   Code   RO         2029    i.FSMC_NAND_WriteSmallPage  fsmc_nand.o
    0x080023f8   0x00000020   Code   RO           82    i.FSMC_NORSRAMCmd   stm32f10x_fsmc.o
    0x08002418   0x000000bc   Code   RO           84    i.FSMC_NORSRAMInit  stm32f10x_fsmc.o
    0x080024d4   0x000000f4   Code   RO         2094    i.FSMC_NOR_Init     fsmc_nor.o
    0x080025c8   0x00000028   Code   RO         2098    i.FSMC_NOR_ReadID   fsmc_nor.o
    0x080025f0   0x0000000c   Code   RO         2100    i.FSMC_NOR_ReturnToReadMode  fsmc_nor.o
    0x080025fc   0x000000f0   Code   RO         2169    i.FSMC_SRAM_Init    fsmc_sram.o
    0x080026ec   0x00000018   Code   RO         2171    i.FSMC_SRAM_WriteBuffer  fsmc_sram.o
    0x08002704   0x00000148   Code   RO         1407    i.FindSCR           sdcard.o
    0x0800284c   0x000000b8   Code   RO         2363    i.GPIO_Config       main.o
    0x08002904   0x00000028   Code   RO          199    i.GPIO_EXTILineConfig  stm32f10x_gpio.o
    0x0800292c   0x0000009e   Code   RO          202    i.GPIO_Init         stm32f10x_gpio.o
    0x080029ca   0x0000000e   Code   RO          206    i.GPIO_ReadInputDataBit  stm32f10x_gpio.o
    0x080029d8   0x00000004   Code   RO          209    i.GPIO_ResetBits    stm32f10x_gpio.o
    0x080029dc   0x00000004   Code   RO          210    i.GPIO_SetBits      stm32f10x_gpio.o
    0x080029e0   0x00000002   Code   RO         1594    i.HardFaultException  stm32f10x_it.o
    0x080029e2   0x00000002   Code   RO         1595    i.I2C1_ER_IRQHandler  stm32f10x_it.o
    0x080029e4   0x00000002   Code   RO         1596    i.I2C1_EV_IRQHandler  stm32f10x_it.o
    0x080029e6   0x00000002   Code   RO         1597    i.I2C2_ER_IRQHandler  stm32f10x_it.o
    0x080029e8   0x00000002   Code   RO         1598    i.I2C2_EV_IRQHandler  stm32f10x_it.o
    0x080029ea   0x00000002   Code   RO         2452    i.IdleFunc          menu.o
    0x080029ec   0x0000003a   Code   RO         2364    i.IntExtOnOffConfig  main.o
    0x08002a26   0x00000002   PAD
    0x08002a28   0x00000078   Code   RO         2453    i.InternalFlashCheckBitmapFiles  menu.o
    0x08002aa0   0x00000310   Code   RO         2454    i.InternalFlashToLCD  menu.o
    0x08002db0   0x00000310   Code   RO         2455    i.InternalFlashToLCD_DMA  menu.o
    0x080030c0   0x000002f0   Code   RO         2456    i.InternalFlashToLCD_Speed  menu.o
    0x080033b0   0x000000a8   Code   RO         2365    i.InterruptConfig   main.o
    0x08003458   0x00000118   Code   RO         1408    i.IsCardProgramming  sdcard.o
    0x08003570   0x00000026   Code   RO         2193    i.LCD_Clear         lcd.o
    0x08003596   0x00000002   PAD
    0x08003598   0x00000020   Code   RO         2194    i.LCD_ClearLine     lcd.o
    0x080035b8   0x00000070   Code   RO         2195    i.LCD_CtrlLinesConfig  lcd.o
    0x08003628   0x00000018   Code   RO         2196    i.LCD_DisplayChar   lcd.o
    0x08003640   0x0000003c   Code   RO         2199    i.LCD_DisplayStringLine  lcd.o
    0x0800367c   0x0000005c   Code   RO         2200    i.LCD_DrawChar      lcd.o
    0x080036d8   0x0000005c   Code   RO         2202    i.LCD_DrawLine      lcd.o
    0x08003734   0x00000040   Code   RO         2204    i.LCD_DrawRect      lcd.o
    0x08003774   0x00000054   Code   RO         2205    i.LCD_FSMCConfig    lcd.o
    0x080037c8   0x00000084   Code   RO         2457    i.LCD_NANDDisplay   menu.o
    0x0800384c   0x00000028   Code   RO         2458    i.LCD_NORDisplay    menu.o
    0x08003874   0x00000080   Code   RO         2459    i.LCD_SDDisplay     menu.o
    0x080038f4   0x0000000c   Code   RO         2209    i.LCD_SetBackColor  lcd.o
    0x08003900   0x00000012   Code   RO         2210    i.LCD_SetCursor     lcd.o
    0x08003912   0x00000042   Code   RO         2211    i.LCD_SetDisplayWindow  lcd.o
    0x08003954   0x0000000c   Code   RO         2212    i.LCD_SetTextColor  lcd.o
    0x08003960   0x00000020   Code   RO         2213    i.LCD_WindowModeDisable  lcd.o
    0x08003980   0x00000046   Code   RO         2214    i.LCD_WriteBMP      lcd.o
    0x080039c6   0x00000002   PAD
    0x080039c8   0x00000090   Code   RO         2460    i.LCD_WriteDMA      menu.o
    0x08003a58   0x00000008   Code   RO         2215    i.LCD_WriteRAM      lcd.o
    0x08003a60   0x0000000a   Code   RO         2216    i.LCD_WriteRAM_Prepare  lcd.o
    0x08003a6a   0x0000000a   Code   RO         2217    i.LCD_WriteReg      lcd.o
    0x08003a74   0x0000003c   Code   RO         2461    i.LCD_WriteSD       menu.o
    0x08003ab0   0x0000001a   Code   RO         2462    i.Media_BufferRead  menu.o
    0x08003aca   0x00000002   Code   RO         1599    i.MemManageException  stm32f10x_it.o
    0x08003acc   0x00000024   Code   RO         2463    i.Menu_Init         menu.o
    0x08003af0   0x00000238   Code   RO         2464    i.NANDFlashToLCD    menu.o
    0x08003d28   0x00000210   Code   RO         2465    i.NANDFlashToLCD_Speed  menu.o
    0x08003f38   0x00000040   Code   RO         2466    i.NAND_ConvertPhyAddress  menu.o
    0x08003f78   0x00000040   Code   RO         2467    i.NAND_GetAddress   menu.o
    0x08003fb8   0x000000fc   Code   RO         2468    i.NAND_PhysicalErase  menu.o
    0x080040b4   0x00000050   Code   RO         2469    i.NAND_Read         menu.o
    0x08004104   0x00000064   Code   RO         2470    i.NAND_Write        menu.o
    0x08004168   0x00000002   Code   RO         1600    i.NMIException      stm32f10x_it.o
    0x0800416a   0x00000002   PAD
    0x0800416c   0x00000254   Code   RO         2471    i.NORFlashToLCD     menu.o
    0x080043c0   0x00000254   Code   RO         2472    i.NORFlashToLCD_DMA  menu.o
    0x08004614   0x00000244   Code   RO         2473    i.NORFlashToLCD_Speed  menu.o
    0x08004858   0x0000002c   Code   RO          347    i.NVIC_DeInit       stm32f10x_nvic.o
    0x08004884   0x00000074   Code   RO          360    i.NVIC_Init         stm32f10x_nvic.o
    0x080048f8   0x00000014   Code   RO          361    i.NVIC_PriorityGroupConfig  stm32f10x_nvic.o
    0x0800490c   0x00000014   Code   RO          369    i.NVIC_SetVectorTable  stm32f10x_nvic.o
    0x08004920   0x0000004c   Code   RO          372    i.NVIC_SystemHandlerPriorityConfig  stm32f10x_nvic.o
    0x0800496c   0x00000002   Code   RO         1601    i.PVD_IRQHandler    stm32f10x_it.o
    0x0800496e   0x00000002   Code   RO         1602    i.PendSVC           stm32f10x_it.o
    0x08004970   0x00000018   Code   RO          531    i.RCC_AHBPeriphClockCmd  stm32f10x_rcc.o
    0x08004988   0x00000018   Code   RO          534    i.RCC_APB2PeriphClockCmd  stm32f10x_rcc.o
    0x080049a0   0x0000003c   Code   RO          541    i.RCC_DeInit        stm32f10x_rcc.o
    0x080049dc   0x00000094   Code   RO          542    i.RCC_GetClocksFreq  stm32f10x_rcc.o
    0x08004a70   0x00000030   Code   RO          543    i.RCC_GetFlagStatus  stm32f10x_rcc.o
    0x08004aa0   0x00000010   Code   RO          545    i.RCC_GetSYSCLKSource  stm32f10x_rcc.o
    0x08004ab0   0x00000014   Code   RO          546    i.RCC_HCLKConfig    stm32f10x_rcc.o
    0x08004ac4   0x00000034   Code   RO          547    i.RCC_HSEConfig     stm32f10x_rcc.o
    0x08004af8   0x00000002   Code   RO         1603    i.RCC_IRQHandler    stm32f10x_it.o
    0x08004afa   0x00000002   PAD
    0x08004afc   0x00000014   Code   RO          553    i.RCC_PCLK1Config   stm32f10x_rcc.o
    0x08004b10   0x00000014   Code   RO          554    i.RCC_PCLK2Config   stm32f10x_rcc.o
    0x08004b24   0x0000000c   Code   RO          555    i.RCC_PLLCmd        stm32f10x_rcc.o
    0x08004b30   0x00000014   Code   RO          556    i.RCC_PLLConfig     stm32f10x_rcc.o
    0x08004b44   0x00000014   Code   RO          559    i.RCC_SYSCLKConfig  stm32f10x_rcc.o
    0x08004b58   0x00000024   Code   RO          561    i.RCC_WaitForHSEStartUp  stm32f10x_rcc.o
    0x08004b7c   0x00000002   Code   RO         1604    i.RTCAlarm_IRQHandler  stm32f10x_it.o
    0x08004b7e   0x00000002   Code   RO         1605    i.RTC_IRQHandler    stm32f10x_it.o
    0x08004b80   0x000000c0   Code   RO         2474    i.ReadKey           menu.o
    0x08004c40   0x0000002e   Code   RO         2475    i.ReadSpareArea     menu.o
    0x08004c6e   0x00000002   PAD
    0x08004c70   0x00000050   Code   RO         2476    i.ReturnFunc        menu.o
    0x08004cc0   0x00000280   Code   RO         2477    i.SDCardToLCD       menu.o
    0x08004f40   0x0000025c   Code   RO         2478    i.SDCardToLCD_Speed  menu.o
    0x0800519c   0x000000b8   Code   RO         1409    i.SDEnWideBus       sdcard.o
    0x08005254   0x0000000c   Code   RO          731    i.SDIO_ClearFlag    stm32f10x_sdio.o
    0x08005260   0x0000000c   Code   RO          732    i.SDIO_ClearITPendingBit  stm32f10x_sdio.o
    0x0800526c   0x0000000c   Code   RO          733    i.SDIO_ClockCmd     stm32f10x_sdio.o
    0x08005278   0x0000000c   Code   RO          736    i.SDIO_DMACmd       stm32f10x_sdio.o
    0x08005284   0x0000002c   Code   RO          737    i.SDIO_DataConfig   stm32f10x_sdio.o
    0x080052b0   0x00000024   Code   RO          739    i.SDIO_DeInit       stm32f10x_sdio.o
    0x080052d4   0x0000000c   Code   RO          740    i.SDIO_GetCommandResponse  stm32f10x_sdio.o
    0x080052e0   0x00000014   Code   RO          743    i.SDIO_GetFlagStatus  stm32f10x_sdio.o
    0x080052f4   0x00000014   Code   RO          744    i.SDIO_GetITStatus  stm32f10x_sdio.o
    0x08005308   0x00000010   Code   RO          745    i.SDIO_GetPowerState  stm32f10x_sdio.o
    0x08005318   0x0000000c   Code   RO          746    i.SDIO_GetResponse  stm32f10x_sdio.o
    0x08005324   0x00000004   Code   RO         1606    i.SDIO_IRQHandler   stm32f10x_it.o
    0x08005328   0x00000018   Code   RO          747    i.SDIO_ITConfig     stm32f10x_sdio.o
    0x08005340   0x0000002c   Code   RO          748    i.SDIO_Init         stm32f10x_sdio.o
    0x0800536c   0x0000000c   Code   RO          749    i.SDIO_ReadData     stm32f10x_sdio.o
    0x08005378   0x00000028   Code   RO          751    i.SDIO_SendCommand  stm32f10x_sdio.o
    0x080053a0   0x00000018   Code   RO          753    i.SDIO_SetPowerState  stm32f10x_sdio.o
    0x080053b8   0x0000000c   Code   RO          759    i.SDIO_WriteData    stm32f10x_sdio.o
    0x080053c4   0x00000078   Code   RO         1410    i.SD_EnableWideBusOperation  sdcard.o
    0x0800543c   0x00000244   Code   RO         1412    i.SD_GetCardInfo    sdcard.o
    0x08005680   0x00000080   Code   RO         1414    i.SD_Init           sdcard.o
    0x08005700   0x00000104   Code   RO         1415    i.SD_InitializeCards  sdcard.o
    0x08005804   0x000001d0   Code   RO         1417    i.SD_PowerON        sdcard.o
    0x080059d4   0x0000019c   Code   RO         1418    i.SD_ProcessIRQSrc  sdcard.o
    0x08005b70   0x0000024c   Code   RO         1420    i.SD_ReadMultiBlocks  sdcard.o
    0x08005dbc   0x0000002c   Code   RO         1421    i.SD_SelectDeselect  sdcard.o
    0x08005de8   0x0000001c   Code   RO         1424    i.SD_SetDeviceMode  sdcard.o
    0x08005e04   0x00000028   Code   RO         1425    i.SD_StopTransfer   sdcard.o
    0x08005e2c   0x000002ec   Code   RO         1427    i.SD_WriteMultiBlocks  sdcard.o
    0x08006118   0x00000002   Code   RO         1607    i.SPI1_IRQHandler   stm32f10x_it.o
    0x0800611a   0x00000002   Code   RO         1608    i.SPI2_IRQHandler   stm32f10x_it.o
    0x0800611c   0x00000002   Code   RO         1609    i.SPI3_IRQHandler   stm32f10x_it.o
    0x0800611e   0x000001e0   Code   RO         2218    i.STM3210E_LCD_Init  lcd.o
    0x080062fe   0x00000002   PAD
    0x08006300   0x000000c0   Code   RO         2366    i.STM32_LCD_Demo    main.o
    0x080063c0   0x00000044   Code   RO         2479    i.STM32_LCD_DemoIntro  menu.o
    0x08006404   0x00000002   Code   RO         1610    i.SVCHandler        stm32f10x_it.o
    0x08006406   0x00000002   PAD
    0x08006408   0x0000003c   Code   RO         2480    i.SelFunc           menu.o
    0x08006444   0x0000000c   Code   RO         2367    i.Set_SELStatus     main.o
    0x08006450   0x0000026c   Code   RO         2481    i.ShowMenuIcons     menu.o
    0x080066bc   0x00000004   Code   RO         1611    i.SysTickHandler    stm32f10x_it.o
    0x080066c0   0x00000018   Code   RO           13    i.SysTick_CLKSourceConfig  stm32f10x_systick.o
    0x080066d8   0x0000001c   Code   RO         2368    i.SysTick_Config    main.o
    0x080066f4   0x00000024   Code   RO           14    i.SysTick_CounterCmd  stm32f10x_systick.o
    0x08006718   0x00000008   Code   RO           15    i.SysTick_GetCounter  stm32f10x_systick.o
    0x08006720   0x00000018   Code   RO           17    i.SysTick_ITConfig  stm32f10x_systick.o
    0x08006738   0x00000008   Code   RO           18    i.SysTick_SetReload  stm32f10x_systick.o
    0x08006740   0x00000002   Code   RO         1612    i.TAMPER_IRQHandler  stm32f10x_it.o
    0x08006742   0x00000002   Code   RO         1613    i.TIM1_BRK_IRQHandler  stm32f10x_it.o
    0x08006744   0x00000002   Code   RO         1614    i.TIM1_CC_IRQHandler  stm32f10x_it.o
    0x08006746   0x00000002   Code   RO         1615    i.TIM1_TRG_COM_IRQHandler  stm32f10x_it.o
    0x08006748   0x00000002   Code   RO         1616    i.TIM1_UP_IRQHandler  stm32f10x_it.o
    0x0800674a   0x00000002   Code   RO         1617    i.TIM2_IRQHandler   stm32f10x_it.o
    0x0800674c   0x00000002   Code   RO         1618    i.TIM3_IRQHandler   stm32f10x_it.o
    0x0800674e   0x00000002   Code   RO         1619    i.TIM4_IRQHandler   stm32f10x_it.o
    0x08006750   0x00000002   Code   RO         1620    i.TIM5_IRQHandler   stm32f10x_it.o
    0x08006752   0x00000002   Code   RO         1621    i.TIM6_IRQHandler   stm32f10x_it.o
    0x08006754   0x00000002   Code   RO         1622    i.TIM7_IRQHandler   stm32f10x_it.o
    0x08006756   0x00000002   Code   RO         1623    i.TIM8_BRK_IRQHandler  stm32f10x_it.o
    0x08006758   0x00000002   Code   RO         1624    i.TIM8_CC_IRQHandler  stm32f10x_it.o
    0x0800675a   0x00000002   Code   RO         1625    i.TIM8_TRG_COM_IRQHandler  stm32f10x_it.o
    0x0800675c   0x00000002   Code   RO         1626    i.TIM8_UP_IRQHandler  stm32f10x_it.o
    0x0800675e   0x00000032   Code   RO         2482    i.TimingMeasurement_Config  menu.o
    0x08006790   0x00000002   Code   RO         1627    i.UART4_IRQHandler  stm32f10x_it.o
    0x08006792   0x00000002   Code   RO         1628    i.UART5_IRQHandler  stm32f10x_it.o
    0x08006794   0x00000002   Code   RO         1629    i.USART1_IRQHandler  stm32f10x_it.o
    0x08006796   0x00000002   Code   RO         1630    i.USART2_IRQHandler  stm32f10x_it.o
    0x08006798   0x00000002   Code   RO         1631    i.USART3_IRQHandler  stm32f10x_it.o
    0x0800679a   0x00000002   Code   RO         1632    i.USBWakeUp_IRQHandler  stm32f10x_it.o
    0x0800679c   0x00000002   Code   RO         1633    i.USB_HP_CAN_TX_IRQHandler  stm32f10x_it.o
    0x0800679e   0x00000002   Code   RO         1634    i.USB_LP_CAN_RX0_IRQHandler  stm32f10x_it.o
    0x080067a0   0x00000078   Code   RO         2483    i.UpFunc            menu.o
    0x08006818   0x00000002   Code   RO         1635    i.UsageFaultException  stm32f10x_it.o
    0x0800681a   0x00000002   Code   RO         1636    i.WWDG_IRQHandler   stm32f10x_it.o
    0x0800681c   0x00000028   Code   RO         2784    i.__0sprintf$1      printf1.o(mc_w.l)
    0x08006844   0x0000000e   Code   RO         3032    i.__scatterload_copy  handlers.o(mc_w.l)
    0x08006852   0x00000002   Code   RO         3033    i.__scatterload_null  handlers.o(mc_w.l)
    0x08006854   0x0000000e   Code   RO         3034    i.__scatterload_zeroinit  handlers.o(mc_w.l)
    0x08006862   0x00000002   PAD
    0x08006864   0x0000014c   Code   RO         2789    i._printf_core      printf1.o(mc_w.l)
    0x080069b0   0x0000000a   Code   RO         2791    i._sputc            printf1.o(mc_w.l)
    0x080069ba   0x00000012   Code   RO         1428    i.convert_from_bytes_to_power_of_two  sdcard.o
    0x080069cc   0x00000028   Code   RO         2369    i.main              main.o
    0x080069f4   0x00000014   Data   RO          562    .constdata          stm32f10x_rcc.o
    0x08006a08   0x000011d0   Data   RO         2219    .constdata          lcd.o
    0x08007bd8   0x00000044   Data   RO         2485    .constdata          menu.o
    0x08007c1c   0x0000007e   Data   RO         2486    .conststring        menu.o
    0x08007c9a   0x00000054   Data   RO         2487    .conststring        menu.o
    0x08007cee   0x00000054   Data   RO         2489    .conststring        menu.o
    0x08007d42   0x00000054   Data   RO         2491    .conststring        menu.o
    0x08007d96   0x0000003f   Data   RO         2493    .conststring        menu.o
    0x08007dd5   0x00000054   Data   RO         2495    .conststring        menu.o
    0x08007e29   0x00000003   PAD
    0x08007e2c   0x00000020   Data   RO         3030    Region$$Table       anon$$obj.o


    Execution Region RW_IRAM1 (Base: 0x20000000, Size: 0x00007048, Max: 0x00010000, ABSOLUTE, COMPRESSED[0x000000f0])

    Base Addr    Size         Type   Attr      Idx    E Section Name        Object

    0x20000000   0x00000028   Data   RW         1430    .data               sdcard.o
    0x20000028   0x00000008   Data   RW         1637    .data               stm32f10x_it.o
    0x20000030   0x00000004   Data   RW         2220    .data               lcd.o
    0x20000034   0x0000000c   Data   RW         2370    .data               main.o
    0x20000040   0x00000094   Data   RW         2497    .data               menu.o
    0x200000d4   0x00000040   Data   RW         2498    .data               menu.o
    0x20000114   0x0000000c   Data   RW         2499    .data               menu.o
    0x20000120   0x00000050   Data   RW         2500    .data               menu.o
    0x20000170   0x0000000c   Data   RW         2501    .data               menu.o
    0x2000017c   0x00000050   Data   RW         2502    .data               menu.o
    0x200001cc   0x0000000c   Data   RW         2503    .data               menu.o
    0x200001d8   0x00000040   Data   RW         2504    .data               menu.o
    0x20000218   0x0000000c   Data   RW         2505    .data               menu.o
    0x20000224   0x00000050   Data   RW         2506    .data               menu.o
    0x20000274   0x0000000c   Data   RW         2507    .data               menu.o
    0x20000280   0x00000064   Zero   RW         1429    .bss                sdcard.o
    0x200002e4   0x00006960   Zero   RW         2484    .bss                menu.o
    0x20006c44   0x00000004   PAD
    0x20006c48   0x00000400   Zero   RW            1    STACK               stm32f10x_vector.o


==============================================================================

Image component sizes


      Code (inc. data)   RO Data    RW Data    ZI Data      Debug   Object Name

       760         58          0          0          0       6067   fsmc_nand.o
       296         16          0          0          0       2263   fsmc_nor.o
       264         18          0          0          0       1589   fsmc_sram.o
      1316         70       4560          4          0      13745   lcd.o
      1210        300          0         12          0       6543   main.o
     14138       4928        593        576      26976      31561   menu.o
      4806        202          0         40        100      26271   sdcard.o
       234         10          0          0          0       4992   stm32f10x_adc.o
       390         28          0          0          0       5009   stm32f10x_dma.o
       194         16          0          0          0       2622   stm32f10x_exti.o
       284         46          0          0          0       5811   stm32f10x_flash.o
       380          8          0          0          0      18632   stm32f10x_fsmc.o
       220          6          0          0          0      10422   stm32f10x_gpio.o
       388         22          0          8          0      31657   stm32f10x_it.o
         0          0          0          0          0      41640   stm32f10x_lib.o
       276         18          0          0          0       3582   stm32f10x_nvic.o
       520         88         20          0          0      10117   stm32f10x_rcc.o
       364         96          0          0          0      10571   stm32f10x_sdio.o
       100          0          0          0          0     179903   stm32f10x_systick.o
         8          4        304          0       1024        292   stm32f10x_vector.o

    ----------------------------------------------------------------------
     26182       5934       5512        640      28104     413289   Object Totals
         0          0         32          0          0          0   (incl. Generated)
        34          0          3          0          4          1   (incl. Padding)

    ----------------------------------------------------------------------

      Code (inc. data)   RO Data    RW Data    ZI Data      Debug   Library Member Name

        88          0          0          0          0          0   __dczerorl2.o
         0          0          0          0          0          0   entry.o
         8          4          0          0          0          0   entry2.o
         4          0          0          0          0          0   entry5.o
         8          4          0          0          0          0   entry7.o
        30          0          0          0          0          0   handlers.o
        36          8          0          0          0         68   init.o
        36          0          0          0          0         68   memcpya.o
       382         10          0          0          0        248   printf1.o
        44          0          0          0          0         76   uidiv.o

    ----------------------------------------------------------------------
       638         26          0          0          0        460   Library Totals
         2          0          0          0          0          0   (incl. Padding)

    ----------------------------------------------------------------------

      Code (inc. data)   RO Data    RW Data    ZI Data      Debug   Library Name

       636         26          0          0          0        460   mc_w.l

    ----------------------------------------------------------------------
       638         26          0          0          0        460   Library Totals

    ----------------------------------------------------------------------

==============================================================================


      Code (inc. data)   RO Data    RW Data    ZI Data      Debug   

     26820       5960       5512        640      28104     401100   Grand Totals
     26820       5960       5512        240      28104     401100   ELF Image Totals (compressed)
     26820       5960       5512        240          0          0   ROM Totals

==============================================================================

    Total RO  Size (Code + RO Data)                32332 (  31.57kB)
    Total RW  Size (RW Data + ZI Data)             28744 (  28.07kB)
    Total ROM Size (Code + RO Data + RW Data)      32572 (  31.81kB)

==============================================================================

